=== c672-018.vista.tacc.utexas.edu: commit 040f4f5, job 995228 ===
0, NVIDIA GB200, 189471 MiB
1, NVIDIA GB200, 189471 MiB
2, NVIDIA GB200, 189471 MiB
3, NVIDIA GB200, 189471 MiB

=== LEG gpu ===
 WARN Encountered 1 warning while parsing the manifest:
  ⚠ the `[system-requirements]` table is deprecated in favor of virtual
  │ packages on `platforms`
    ╭─[/scratch/10303/jrc4/src/inexor/pyproject.toml:68:1]
 67 │     platforms = ["linux-64", "linux-aarch64"]
 68 │ ╭─▶ [tool.pixi.feature.gpu.system-requirements]
 69 │ ├─▶ cuda = "12"
    · ╰──── declare these on the `platforms` entries instead
 70 │     [tool.pixi.feature.gpu.dependencies]
    ╰────
  help: e.g. platforms = [{ name = "my-linux-64", platform = "linux-64", cuda
        = "12" }]

 WARN cache for Repodata at /home1/10303/jrc4/.cache/rattler/cache/repodata is on a network/parallel filesystem (NFS/SMB/FUSE/BeeGFS/Lustre/GPFS/CephFS), redirected to /tmp/pixi-cache-jrc4/repodata for this run. Set [cache.repodata] in config.toml or PIXI_CACHE_DIR to override, or [cache.netfs-redirect] = "never" to keep the original path.
cuBLAS < 13.2 (120902 found) has a known issue where many kernels free TMEM buffers multiple times. Executing a cuBLAS kernel concurrently with another kernel (e.g. on another stream) can lead to silent data corruption.
[capture] gpu: jax eject -> call 0 abs_max 49424 (escape raised: True); numpy eject -> call 0 abs_max 49424 (escape raised: True); inputs identical across ejects: True
[analyze gpu] prod_jit: abs_max 49424 (numpy 32767); scales differing 27 of 64
[analyze gpu] prod_eager: abs_max 32767 (numpy 32767); scales differing 0 of 64
[analyze gpu] intermediates: {'order_equal': 0, 'order_is_permutation': True, 'bl_differ': 0, 'm_row_differ': 5293, 'vmax_differ': 27, 'scales_differ': 27, 'abs_max': 49424.0, 'vmax_vs_numpy_scatter_of_own_inputs_differ': 0}
[analyze gpu] scatter-max {'rows': 4096, 'segments': 64, 'sorted': False, 'at_int64_eager': 0, 'at_int64_jit': 0, 'segment_max_int32_jit': 0}
[analyze gpu] scatter-max {'rows': 4096, 'segments': 64, 'sorted': True, 'at_int64_eager': 0, 'at_int64_jit': 0, 'segment_max_int32_jit': 0}
[analyze gpu] scatter-max {'rows': 8192, 'segments': 64, 'sorted': False, 'at_int64_eager': 0, 'at_int64_jit': 0, 'segment_max_int32_jit': 0}
[analyze gpu] scatter-max {'rows': 8192, 'segments': 64, 'sorted': True, 'at_int64_eager': 0, 'at_int64_jit': 0, 'segment_max_int32_jit': 0}
[analyze gpu] scatter-max {'rows': 1048576, 'segments': 65536, 'sorted': False, 'at_int64_eager': 0, 'at_int64_jit': 0, 'segment_max_int32_jit': 0}
[analyze gpu] scatter-max {'rows': 1048576, 'segments': 65536, 'sorted': True, 'at_int64_eager': 0, 'at_int64_jit': 0, 'segment_max_int32_jit': 0}
card: /scratch/10303/jrc4/src/inexor/runs/v2/d3_insert_escape_diag_gb.json
--- LEG gpu rc=0 ---

=== LEG cpu-control ===
 WARN Encountered 1 warning while parsing the manifest:
  ⚠ the `[system-requirements]` table is deprecated in favor of virtual
  │ packages on `platforms`
    ╭─[/scratch/10303/jrc4/src/inexor/pyproject.toml:68:1]
 67 │     platforms = ["linux-64", "linux-aarch64"]
 68 │ ╭─▶ [tool.pixi.feature.gpu.system-requirements]
 69 │ ├─▶ cuda = "12"
    · ╰──── declare these on the `platforms` entries instead
 70 │     [tool.pixi.feature.gpu.dependencies]
    ╰────
  help: e.g. platforms = [{ name = "my-linux-64", platform = "linux-64", cuda
        = "12" }]

 WARN cache for Repodata at /home1/10303/jrc4/.cache/rattler/cache/repodata is on a network/parallel filesystem (NFS/SMB/FUSE/BeeGFS/Lustre/GPFS/CephFS), redirected to /tmp/pixi-cache-jrc4/repodata for this run. Set [cache.repodata] in config.toml or PIXI_CACHE_DIR to override, or [cache.netfs-redirect] = "never" to keep the original path.
[analyze cpu] prod_jit: abs_max 32767 (numpy 32767); scales differing 0 of 64
[analyze cpu] prod_eager: abs_max 32767 (numpy 32767); scales differing 0 of 64
[analyze cpu] intermediates: {'order_equal': 0, 'order_is_permutation': True, 'bl_differ': 0, 'm_row_differ': 0, 'vmax_differ': 0, 'scales_differ': 0, 'abs_max': 32767.0, 'vmax_vs_numpy_scatter_of_own_inputs_differ': 0}
[analyze cpu] scatter-max {'rows': 4096, 'segments': 64, 'sorted': False, 'at_int64_eager': 0, 'at_int64_jit': 0, 'segment_max_int32_jit': 0}
[analyze cpu] scatter-max {'rows': 4096, 'segments': 64, 'sorted': True, 'at_int64_eager': 0, 'at_int64_jit': 0, 'segment_max_int32_jit': 0}
[analyze cpu] scatter-max {'rows': 8192, 'segments': 64, 'sorted': False, 'at_int64_eager': 0, 'at_int64_jit': 0, 'segment_max_int32_jit': 0}
[analyze cpu] scatter-max {'rows': 8192, 'segments': 64, 'sorted': True, 'at_int64_eager': 0, 'at_int64_jit': 0, 'segment_max_int32_jit': 0}
[analyze cpu] scatter-max {'rows': 1048576, 'segments': 65536, 'sorted': False, 'at_int64_eager': 0, 'at_int64_jit': 0, 'segment_max_int32_jit': 0}
[analyze cpu] scatter-max {'rows': 1048576, 'segments': 65536, 'sorted': True, 'at_int64_eager': 0, 'at_int64_jit': 0, 'segment_max_int32_jit': 0}
card: /scratch/10303/jrc4/src/inexor/runs/v2/d3_insert_escape_diag_gb_cpu.json
--- LEG cpu-control rc=0 ---

=== rc_total=0 ===
