=== c672-008.vista.tacc.utexas.edu: commit bef34e0, job 995435 ===
0, NVIDIA GB200, 189471 MiB
1, NVIDIA GB200, 189471 MiB
2, NVIDIA GB200, 189471 MiB
3, NVIDIA GB200, 189471 MiB
               total        used        free      shared  buff/cache   available
Mem:            1691          76        1647           3           4        1615

=== LEG smoke ===
 WARN Encountered 1 warning while parsing the manifest:
  ⚠ the `[system-requirements]` table is deprecated in favor of virtual
  │ packages on `platforms`
    ╭─[/scratch/10303/jrc4/src/inexor/pyproject.toml:68:1]
 67 │     platforms = ["linux-64", "linux-aarch64"]
 68 │ ╭─▶ [tool.pixi.feature.gpu.system-requirements]
 69 │ ├─▶ cuda = "12"
    · ╰──── declare these on the `platforms` entries instead
 70 │     [tool.pixi.feature.gpu.dependencies]
    ╰────
  help: e.g. platforms = [{ name = "my-linux-64", platform = "linux-64", cuda
        = "12" }]

 WARN cache for Repodata at /home1/10303/jrc4/.cache/rattler/cache/repodata is on a network/parallel filesystem (NFS/SMB/FUSE/BeeGFS/Lustre/GPFS/CephFS), redirected to /tmp/pixi-cache-jrc4/repodata for this run. Set [cache.repodata] in config.toml or PIXI_CACHE_DIR to override, or [cache.netfs-redirect] = "never" to keep the original path.

--- arm peak eject: --arm peak-eject --shape-nb 8 --shape-frac 0.5 --steps 2 --reps 1 
cuBLAS < 13.2 (120902 found) has a known issue where many kernels free TMEM buffers multiple times. Executing a cuBLAS kernel concurrently with another kernel (e.g. on another stream) can lead to silent data corruption.
[peak-eject] nb=8 262,144 rows (padded 277,732): device peak 0.04 GiB = 145.1 B/row; programs 2 over row counts [262144, 261357, 259522]; walls [2.67, 0.44, 0.01] s
--- arm peak eject: rc=0

--- arm peak insert:0.05:1: --arm peak-insert --shape-nb 8 --emig-share 0.05 --reach 1 --steps 2 --reps 1 
cuBLAS < 13.2 (120902 found) has a known issue where many kernels free TMEM buffers multiple times. Executing a cuBLAS kernel concurrently with another kernel (e.g. on another stream) can lead to silent data corruption.
[peak-insert] share 0.05 reach 1: 288,357 input rows (1.10 slabs): device peak 0.04 GiB = 150.3 B/input row = 165.3 B/slab row; walls [1.31, 0.01] s; written 262,197 spilled 0
--- arm peak insert:0.05:1: rc=0

--- arm peak insert:0.4:2: --arm peak-insert --shape-nb 8 --emig-share 0.4 --reach 2 --steps 2 --reps 1 
cuBLAS < 13.2 (120902 found) has a known issue where many kernels free TMEM buffers multiple times. Executing a cuBLAS kernel concurrently with another kernel (e.g. on another stream) can lead to silent data corruption.
[peak-insert] share 0.40 reach 2: 681,571 input rows (2.60 slabs): device peak 0.06 GiB = 96.8 B/input row = 251.7 B/slab row; walls [1.14, 0.01] s; written 262,029 spilled 0
--- arm peak insert:0.4:2: rc=0

card: /scratch/10303/jrc4/src/inexor/runs/v2/d3_device_migrate_r0_peaks_gbsmoke.json
worst rc 0
--- LEG smoke rc=0 ---

=== LEG peaks ===
 WARN Encountered 1 warning while parsing the manifest:
  ⚠ the `[system-requirements]` table is deprecated in favor of virtual
  │ packages on `platforms`
    ╭─[/scratch/10303/jrc4/src/inexor/pyproject.toml:68:1]
 67 │     platforms = ["linux-64", "linux-aarch64"]
 68 │ ╭─▶ [tool.pixi.feature.gpu.system-requirements]
 69 │ ├─▶ cuda = "12"
    · ╰──── declare these on the `platforms` entries instead
 70 │     [tool.pixi.feature.gpu.dependencies]
    ╰────
  help: e.g. platforms = [{ name = "my-linux-64", platform = "linux-64", cuda
        = "12" }]

 WARN cache for Repodata at /home1/10303/jrc4/.cache/rattler/cache/repodata is on a network/parallel filesystem (NFS/SMB/FUSE/BeeGFS/Lustre/GPFS/CephFS), redirected to /tmp/pixi-cache-jrc4/repodata for this run. Set [cache.repodata] in config.toml or PIXI_CACHE_DIR to override, or [cache.netfs-redirect] = "never" to keep the original path.

--- arm peak eject: --arm peak-eject --shape-nb 256 --shape-frac 0.5 --steps 2 --reps 3 
cuBLAS < 13.2 (120902 found) has a known issue where many kernels free TMEM buffers multiple times. Executing a cuBLAS kernel concurrently with another kernel (e.g. on another stream) can lead to silent data corruption.
[peak-eject] nb=256 268,435,456 rows (padded 284,397,459): device peak 30.30 GiB = 121.2 B/row; programs 2 over row counts [268435456, 267630149, 265751101]; walls [2.84, 2.3, 1.89] s
--- arm peak eject: rc=0

--- arm peak insert:0.05:1: --arm peak-insert --shape-nb 256 --emig-share 0.05 --reach 1 --steps 2 --reps 3 
cuBLAS < 13.2 (120902 found) has a known issue where many kernels free TMEM buffers multiple times. Executing a cuBLAS kernel concurrently with another kernel (e.g. on another stream) can lead to silent data corruption.
[peak-insert] share 0.05 reach 1: 295,278,999 input rows (1.10 slabs): device peak 22.28 GiB = 81.0 B/input row = 89.1 B/slab row; walls [3.99, 2.41] s; written 268,439,125 spilled 0
--- arm peak insert:0.05:1: rc=0

--- arm peak insert:0.05:2: --arm peak-insert --shape-nb 256 --emig-share 0.05 --reach 2 --steps 2 --reps 3 
cuBLAS < 13.2 (120902 found) has a known issue where many kernels free TMEM buffers multiple times. Executing a cuBLAS kernel concurrently with another kernel (e.g. on another stream) can lead to silent data corruption.
[peak-insert] share 0.05 reach 2: 322,122,543 input rows (1.20 slabs): device peak 26.08 GiB = 86.9 B/input row = 104.3 B/slab row; walls [4.46, 2.75] s; written 268,441,263 spilled 0
--- arm peak insert:0.05:2: rc=0

--- arm peak insert:0.2:1: --arm peak-insert --shape-nb 256 --emig-share 0.2 --reach 1 --steps 2 --reps 3 
cuBLAS < 13.2 (120902 found) has a known issue where many kernels free TMEM buffers multiple times. Executing a cuBLAS kernel concurrently with another kernel (e.g. on another stream) can lead to silent data corruption.
[peak-insert] share 0.20 reach 1: 375,809,637 input rows (1.40 slabs): device peak 29.36 GiB = 83.9 B/input row = 117.4 B/slab row; walls [4.36, 2.85] s; written 268,445,073 spilled 0
--- arm peak insert:0.2:1: rc=0

--- arm peak insert:0.2:2: --arm peak-insert --shape-nb 256 --emig-share 0.2 --reach 2 --steps 2 --reps 3 
cuBLAS < 13.2 (120902 found) has a known issue where many kernels free TMEM buffers multiple times. Executing a cuBLAS kernel concurrently with another kernel (e.g. on another stream) can lead to silent data corruption.
[peak-insert] share 0.20 reach 2: 483,183,819 input rows (1.80 slabs): device peak 38.48 GiB = 85.5 B/input row = 153.9 B/slab row; walls [5.17, 3.73] s; written 268,442,937 spilled 0
--- arm peak insert:0.2:2: rc=0

--- arm peak insert:0.4:1: --arm peak-insert --shape-nb 256 --emig-share 0.4 --reach 1 --steps 2 --reps 3 
cuBLAS < 13.2 (120902 found) has a known issue where many kernels free TMEM buffers multiple times. Executing a cuBLAS kernel concurrently with another kernel (e.g. on another stream) can lead to silent data corruption.
[peak-insert] share 0.40 reach 1: 483,183,819 input rows (1.80 slabs): device peak 38.48 GiB = 85.5 B/input row = 153.9 B/slab row; walls [5.24, 3.75] s; written 268,441,068 spilled 0
--- arm peak insert:0.4:1: rc=0

--- arm peak insert:0.4:2: --arm peak-insert --shape-nb 256 --emig-share 0.4 --reach 2 --steps 2 --reps 3 
cuBLAS < 13.2 (120902 found) has a known issue where many kernels free TMEM buffers multiple times. Executing a cuBLAS kernel concurrently with another kernel (e.g. on another stream) can lead to silent data corruption.
[peak-insert] share 0.40 reach 2: 697,932,183 input rows (2.60 slabs): device peak 52.31 GiB = 80.5 B/input row = 209.2 B/slab row; walls [7.0, 5.39] s; written 268,453,194 spilled 0
--- arm peak insert:0.4:2: rc=0

card: /scratch/10303/jrc4/src/inexor/runs/v2/d3_device_migrate_r0_peaks_gb.json
worst rc 0
--- LEG peaks rc=0 ---

=== rc_total=0 ===
