=== c672-002.vista.tacc.utexas.edu: commit 2e8ce24, job 995638 ===
0, NVIDIA GB200, 189471 MiB
1, NVIDIA GB200, 189471 MiB
2, NVIDIA GB200, 189471 MiB
3, NVIDIA GB200, 189471 MiB
               total        used        free      shared  buff/cache   available
Mem:            1691          77        1645           2           2        1613

=== LEG pytest-gpu ===
 WARN Encountered 1 warning while parsing the manifest:
  ⚠ the `[system-requirements]` table is deprecated in favor of virtual
  │ packages on `platforms`
    ╭─[/scratch/10303/jrc4/src/inexor/pyproject.toml:68:1]
 67 │     platforms = ["linux-64", "linux-aarch64"]
 68 │ ╭─▶ [tool.pixi.feature.gpu.system-requirements]
 69 │ ├─▶ cuda = "12"
    · ╰──── declare these on the `platforms` entries instead
 70 │     [tool.pixi.feature.gpu.dependencies]
    ╰────
  help: e.g. platforms = [{ name = "my-linux-64", platform = "linux-64", cuda
        = "12" }]

 WARN cache for Repodata at /home1/10303/jrc4/.cache/rattler/cache/repodata is on a network/parallel filesystem (NFS/SMB/FUSE/BeeGFS/Lustre/GPFS/CephFS), redirected to /tmp/pixi-cache-jrc4/repodata for this run. Set [cache.repodata] in config.toml or PIXI_CACHE_DIR to override, or [cache.netfs-redirect] = "never" to keep the original path.
cuBLAS < 13.2 (120902 found) has a known issue where many kernels free TMEM buffers multiple times. Executing a cuBLAS kernel concurrently with another kernel (e.g. on another stream) can lead to silent data corruption.
jax devices: [CudaDevice(id=0), CudaDevice(id=1), CudaDevice(id=2), CudaDevice(id=3)]
--- LEG pytest-gpu rc=0 ---

=== LEG pytest-gpu-gates ===
 WARN Encountered 1 warning while parsing the manifest:
  ⚠ the `[system-requirements]` table is deprecated in favor of virtual
  │ packages on `platforms`
    ╭─[/scratch/10303/jrc4/src/inexor/pyproject.toml:68:1]
 67 │     platforms = ["linux-64", "linux-aarch64"]
 68 │ ╭─▶ [tool.pixi.feature.gpu.system-requirements]
 69 │ ├─▶ cuda = "12"
    · ╰──── declare these on the `platforms` entries instead
 70 │     [tool.pixi.feature.gpu.dependencies]
    ╰────
  help: e.g. platforms = [{ name = "my-linux-64", platform = "linux-64", cuda
        = "12" }]

 WARN cache for Repodata at /home1/10303/jrc4/.cache/rattler/cache/repodata is on a network/parallel filesystem (NFS/SMB/FUSE/BeeGFS/Lustre/GPFS/CephFS), redirected to /tmp/pixi-cache-jrc4/repodata for this run. Set [cache.repodata] in config.toml or PIXI_CACHE_DIR to override, or [cache.netfs-redirect] = "never" to keep the original path.
.....................                                                    [100%]
21 passed in 30.88s
--- LEG pytest-gpu-gates rc=0 ---

=== LEG smoke ===
 WARN Encountered 1 warning while parsing the manifest:
  ⚠ the `[system-requirements]` table is deprecated in favor of virtual
  │ packages on `platforms`
    ╭─[/scratch/10303/jrc4/src/inexor/pyproject.toml:68:1]
 67 │     platforms = ["linux-64", "linux-aarch64"]
 68 │ ╭─▶ [tool.pixi.feature.gpu.system-requirements]
 69 │ ├─▶ cuda = "12"
    · ╰──── declare these on the `platforms` entries instead
 70 │     [tool.pixi.feature.gpu.dependencies]
    ╰────
  help: e.g. platforms = [{ name = "my-linux-64", platform = "linux-64", cuda
        = "12" }]

 WARN cache for Repodata at /home1/10303/jrc4/.cache/rattler/cache/repodata is on a network/parallel filesystem (NFS/SMB/FUSE/BeeGFS/Lustre/GPFS/CephFS), redirected to /tmp/pixi-cache-jrc4/repodata for this run. Set [cache.repodata] in config.toml or PIXI_CACHE_DIR to override, or [cache.netfs-redirect] = "never" to keep the original path.

--- arm device-xback: --arm device-xback --n-part 32 --xback-frac 1.9 --steps 2 --reps 1 
cuBLAS < 13.2 (120902 found) has a known issue where many kernels free TMEM buffers multiple times. Executing a cuBLAS kernel concurrently with another kernel (e.g. on another stream) can lead to silent data corruption.
[device-xback] n_part=32 nb=8 (4,096 rows per slab) built in 0.0s on gpu
[device-xback] step 0: numpy 0.06s | device 4.51s; new programs 10; BITWISE numpy = True ; reach 2 (realized 2), overflow 1249, arena_used 1249
[device-xback] step 1: numpy 0.07s | device 1.19s; new programs 5; BITWISE numpy = True ; reach 2 (realized 2), overflow 1398, arena_used 1398
[device-xback] timed step: numpy 0.07s | device 0.61s (synced; phases sum 0.61s); BITWISE numpy = True
       0.232 s  insert: spills to host
       0.188 s  eject: rows program
       0.058 s  insert: compact inputs
       0.037 s  insert: census
       0.035 s  eject: upload
       0.018 s  insert: shrink staged
       0.013 s  eject: reach + scalars
       0.007 s  insert: kernel
       0.007 s  insert: scalars + write program
       0.003 s  pass: arena replay
       0.003 s  insert: slot range to host
       0.002 s  eject: kernel
       0.002 s  insert: occupancy + scales to host
       0.001 s  eject: host index + window
       0.000 s  pass: setup
       0.000 s  pass: final census
[device-xback] device peak 0.00 GiB
--- arm device-xback: rc=0

--- arm device-real: --arm device-real --n-part 64 --real-frac 0.5 --steps 2 --reps 1 
cuBLAS < 13.2 (120902 found) has a known issue where many kernels free TMEM buffers multiple times. Executing a cuBLAS kernel concurrently with another kernel (e.g. on another stream) can lead to silent data corruption.
[device-real] n_part=64 nb=4 (65,536 rows per slab) built in 0.0s on gpu
[device-real] step 0: numpy 0.05s | device 4.71s; new programs 8; BITWISE numpy = True ; reach 1 (realized 1), overflow 0, arena_used 0
[device-real] step 1: numpy 0.06s | device 0.07s; new programs 0; BITWISE numpy = True ; reach 1 (realized 1), overflow 0, arena_used 0
[device-real] timed step: numpy 0.05s | device 0.07s (synced; phases sum 0.07s); BITWISE numpy = True
       0.021 s  insert: compact inputs
       0.011 s  insert: census
       0.007 s  insert: shrink staged
       0.006 s  insert: kernel
       0.006 s  eject: reach + scalars
       0.005 s  eject: upload
       0.004 s  eject: rows program
       0.003 s  insert: scalars + write program
       0.001 s  insert: slot range to host
       0.001 s  insert: occupancy + scales to host
       0.001 s  eject: kernel
       0.001 s  eject: host index + window
       0.000 s  pass: setup
       0.000 s  pass: arena replay
       0.000 s  pass: final census
       0.000 s  insert: spills to host
[device-real] device peak 0.02 GiB
--- arm device-real: rc=0

card: /scratch/10303/jrc4/src/inexor/runs/v2/d3_device_migrate_r1cut_gbsmoke.json
worst rc 0
--- LEG smoke rc=0 ---

=== LEG device-migrate ===
 WARN Encountered 1 warning while parsing the manifest:
  ⚠ the `[system-requirements]` table is deprecated in favor of virtual
  │ packages on `platforms`
    ╭─[/scratch/10303/jrc4/src/inexor/pyproject.toml:68:1]
 67 │     platforms = ["linux-64", "linux-aarch64"]
 68 │ ╭─▶ [tool.pixi.feature.gpu.system-requirements]
 69 │ ├─▶ cuda = "12"
    · ╰──── declare these on the `platforms` entries instead
 70 │     [tool.pixi.feature.gpu.dependencies]
    ╰────
  help: e.g. platforms = [{ name = "my-linux-64", platform = "linux-64", cuda
        = "12" }]

 WARN cache for Repodata at /home1/10303/jrc4/.cache/rattler/cache/repodata is on a network/parallel filesystem (NFS/SMB/FUSE/BeeGFS/Lustre/GPFS/CephFS), redirected to /tmp/pixi-cache-jrc4/repodata for this run. Set [cache.repodata] in config.toml or PIXI_CACHE_DIR to override, or [cache.netfs-redirect] = "never" to keep the original path.

--- arm device-xback: --arm device-xback --n-part 256 --xback-frac 1.9 --steps 2 --reps 3 
cuBLAS < 13.2 (120902 found) has a known issue where many kernels free TMEM buffers multiple times. Executing a cuBLAS kernel concurrently with another kernel (e.g. on another stream) can lead to silent data corruption.
[device-xback] n_part=256 nb=16 (1,048,576 rows per slab) built in 4.0s on gpu
[device-xback] step 0: numpy 4.52s | device 5.90s; new programs 10; BITWISE numpy = True ; reach 2 (realized 2), overflow 89782, arena_used 89782
[device-xback] step 1: numpy 4.61s | device 1.74s; new programs 4; BITWISE numpy = True ; reach 2 (realized 2), overflow 98397, arena_used 98397
[device-xback] timed step: numpy 4.64s | device 1.05s (synced; phases sum 1.04s); BITWISE numpy = True
       0.239 s  eject: rows program
       0.184 s  insert: kernel
       0.141 s  insert: compact inputs
       0.088 s  insert: census
       0.077 s  eject: upload
       0.074 s  pass: arena replay
       0.056 s  insert: spills to host
       0.042 s  insert: slot range to host
       0.041 s  insert: shrink staged
       0.030 s  eject: reach + scalars
       0.026 s  eject: host index + window
       0.017 s  insert: scalars + write program
       0.010 s  pass: setup
       0.006 s  insert: occupancy + scales to host
       0.006 s  eject: kernel
       0.005 s  pass: final census
[device-xback] device peak 0.77 GiB
--- arm device-xback: rc=0

--- arm device-real: --arm device-real --n-part 512 --real-frac 0.5 --steps 2 --reps 3 
cuBLAS < 13.2 (120902 found) has a known issue where many kernels free TMEM buffers multiple times. Executing a cuBLAS kernel concurrently with another kernel (e.g. on another stream) can lead to silent data corruption.
[device-real] n_part=512 nb=32 (4,194,304 rows per slab) built in 31.8s on gpu
[device-real] step 0: numpy 27.14s | device 6.42s; new programs 8; BITWISE numpy = True ; reach 1 (realized 1), overflow 0, arena_used 0
[device-real] step 1: numpy 27.19s | device 1.63s; new programs 0; BITWISE numpy = True ; reach 1 (realized 1), overflow 0, arena_used 0
[device-real] timed step: numpy 27.28s | device 1.66s (synced; phases sum 1.66s); BITWISE numpy = True
       0.477 s  insert: kernel
       0.215 s  insert: compact inputs
       0.213 s  insert: slot range to host
       0.163 s  eject: upload
       0.134 s  eject: host index + window
       0.118 s  insert: census
       0.076 s  insert: shrink staged
       0.071 s  eject: reach + scalars
       0.063 s  eject: rows program
       0.037 s  insert: scalars + write program
       0.027 s  insert: occupancy + scales to host
       0.018 s  pass: setup
       0.017 s  eject: kernel
       0.017 s  pass: final census
       0.011 s  pass: arena replay
       0.000 s  insert: spills to host
[device-real] device peak 1.25 GiB
--- arm device-real: rc=0

card: /scratch/10303/jrc4/src/inexor/runs/v2/d3_device_migrate_r1cut_gb.json
worst rc 0
--- LEG device-migrate rc=0 ---

=== rc_total=0 ===
