=== c672-017.vista.tacc.utexas.edu: commit 7cdd92a, job 996685 ===
0, NVIDIA GB200, 189471 MiB
1, NVIDIA GB200, 189471 MiB
2, NVIDIA GB200, 189471 MiB
3, NVIDIA GB200, 189471 MiB
               total        used        free      shared  buff/cache   available
Mem:            1691         124        1598           4           4        1566

=== LEG jax-devices ===
 WARN Encountered 1 warning while parsing the manifest:
  ⚠ the `[system-requirements]` table is deprecated in favor of virtual
  │ packages on `platforms`
    ╭─[/scratch/10303/jrc4/src/inexor/pyproject.toml:68:1]
 67 │     platforms = ["linux-64", "linux-aarch64"]
 68 │ ╭─▶ [tool.pixi.feature.gpu.system-requirements]
 69 │ ├─▶ cuda = "12"
    · ╰──── declare these on the `platforms` entries instead
 70 │     [tool.pixi.feature.gpu.dependencies]
    ╰────
  help: e.g. platforms = [{ name = "my-linux-64", platform = "linux-64", cuda
        = "12" }]

 WARN cache for Repodata at /home1/10303/jrc4/.cache/rattler/cache/repodata is on a network/parallel filesystem (NFS/SMB/FUSE/BeeGFS/Lustre/GPFS/CephFS), redirected to /tmp/pixi-cache-jrc4/repodata for this run. Set [cache.repodata] in config.toml or PIXI_CACHE_DIR to override, or [cache.netfs-redirect] = "never" to keep the original path.
cuBLAS < 13.2 (120902 found) has a known issue where many kernels free TMEM buffers multiple times. Executing a cuBLAS kernel concurrently with another kernel (e.g. on another stream) can lead to silent data corruption.
jax devices: [CudaDevice(id=0), CudaDevice(id=1), CudaDevice(id=2), CudaDevice(id=3)]
--- LEG jax-devices rc=0 ---

=== LEG smoke ===
 WARN Encountered 1 warning while parsing the manifest:
  ⚠ the `[system-requirements]` table is deprecated in favor of virtual
  │ packages on `platforms`
    ╭─[/scratch/10303/jrc4/src/inexor/pyproject.toml:68:1]
 67 │     platforms = ["linux-64", "linux-aarch64"]
 68 │ ╭─▶ [tool.pixi.feature.gpu.system-requirements]
 69 │ ├─▶ cuda = "12"
    · ╰──── declare these on the `platforms` entries instead
 70 │     [tool.pixi.feature.gpu.dependencies]
    ╰────
  help: e.g. platforms = [{ name = "my-linux-64", platform = "linux-64", cuda
        = "12" }]

 WARN cache for Repodata at /home1/10303/jrc4/.cache/rattler/cache/repodata is on a network/parallel filesystem (NFS/SMB/FUSE/BeeGFS/Lustre/GPFS/CephFS), redirected to /tmp/pixi-cache-jrc4/repodata for this run. Set [cache.repodata] in config.toml or PIXI_CACHE_DIR to override, or [cache.netfs-redirect] = "never" to keep the original path.

--- arm engine-host: --arm engine-host --n-part 32 --steps 2 --slack0-arena 0.05 --snap-dir /scratch/10303/jrc4/src/inexor/runs/v2/e1_snap --out-suffix _gbsmoke --allow-cpu
cuBLAS < 13.2 (120902 found) has a known issue where many kernels free TMEM buffers multiple times. Executing a cuBLAS kernel concurrently with another kernel (e.g. on another stream) can lead to silent data corruption.
[engine-host] smoke: n_part=32 nb=8 slack=0.1 arena_frac=0.01 built in 0.0s on gpu; K=2; coarse=host tile=host jit=True migrate=host
[engine-host] run 38.6s; spills 112; phases: tile_long 28.7, coarse_paint 4.4, lead_drift 1.7, kernel_build 1.6, coarse_solve 1.0, tile_decode 0.5, tile_short 0.3, migrate 0.1, tile_reduce 0.1, membership 0.0, repack 0.0, tile_loop_end 0.0, reconcile 0.0
[engine-host] device peak 0.00 GiB, host maxrss 1.8 GB
--- arm engine-host: rc=0

--- arm engine-device: --arm engine-device --n-part 32 --steps 2 --slack0-arena 0.05 --snap-dir /scratch/10303/jrc4/src/inexor/runs/v2/e1_snap --out-suffix _gbsmoke --allow-cpu
cuBLAS < 13.2 (120902 found) has a known issue where many kernels free TMEM buffers multiple times. Executing a cuBLAS kernel concurrently with another kernel (e.g. on another stream) can lead to silent data corruption.
[engine-device] smoke: n_part=32 nb=8 slack=0.1 arena_frac=0.01 built in 0.0s on gpu; K=2; coarse=device tile=device jit=True migrate=device
[engine-device] run 23.0s; spills 112; phases: migrate 7.9, lead_drift 6.1, repack 3.0, tile_loop 2.9, coarse_paint 2.1, coarse_solve 0.7, kernel_build 0.2, membership 0.0, tile_loop_end 0.0, reconcile 0.0
[engine-device] device peak 0.03 GiB, host maxrss 2.2 GB
--- arm engine-device: rc=0

--- arm slack0-host: --arm slack0-host --n-part 32 --steps 2 --slack0-arena 0.05 --snap-dir /scratch/10303/jrc4/src/inexor/runs/v2/e1_snap --out-suffix _gbsmoke --allow-cpu
cuBLAS < 13.2 (120902 found) has a known issue where many kernels free TMEM buffers multiple times. Executing a cuBLAS kernel concurrently with another kernel (e.g. on another stream) can lead to silent data corruption.
[slack0-host] smoke: n_part=32 nb=8 slack=0.0 arena_frac=0.05 built in 0.0s on gpu; K=2; coarse=host tile=host jit=True migrate=host
[slack0-host] run 35.5s; spills 1294; phases: tile_long 28.5, coarse_paint 4.3, lead_drift 0.8, coarse_solve 0.7, tile_decode 0.5, tile_short 0.2, kernel_build 0.2, migrate 0.1, tile_reduce 0.1, membership 0.0, repack 0.0, reconcile 0.0, tile_loop_end 0.0
[slack0-host] device peak 0.00 GiB, host maxrss 1.8 GB
--- arm slack0-host: rc=0

--- arm engine-eager: --arm engine-eager --n-part 32 --steps 2 --slack0-arena 0.05 --snap-dir /scratch/10303/jrc4/src/inexor/runs/v2/e1_snap --out-suffix _gbsmoke --allow-cpu
cuBLAS < 13.2 (120902 found) has a known issue where many kernels free TMEM buffers multiple times. Executing a cuBLAS kernel concurrently with another kernel (e.g. on another stream) can lead to silent data corruption.
[engine-eager] smoke: n_part=32 nb=8 slack=0.1 arena_frac=0.01 built in 0.0s on gpu; K=2; coarse=device tile=device jit=False migrate=device
[engine-eager] run 58.4s; spills 112; phases: tile_reduce 39.5, migrate 7.5, lead_drift 5.7, repack 2.9, coarse_paint 1.9, coarse_solve 0.7, kernel_build 0.2, membership 0.0, reconcile 0.0, tile_loop_end 0.0
[engine-eager] device peak 0.03 GiB, host maxrss 2.3 GB
--- arm engine-eager: rc=0

--- arm slack0-eager: --arm slack0-eager --n-part 32 --steps 2 --slack0-arena 0.05 --snap-dir /scratch/10303/jrc4/src/inexor/runs/v2/e1_snap --out-suffix _gbsmoke --allow-cpu
cuBLAS < 13.2 (120902 found) has a known issue where many kernels free TMEM buffers multiple times. Executing a cuBLAS kernel concurrently with another kernel (e.g. on another stream) can lead to silent data corruption.
[slack0-eager] smoke: n_part=32 nb=8 slack=0.0 arena_frac=0.05 built in 0.0s on gpu; K=2; coarse=device tile=device jit=False migrate=device
[slack0-eager] run 61.0s; spills 1294; phases: tile_reduce 41.8, migrate 7.9, lead_drift 6.8, repack 1.8, coarse_paint 1.8, coarse_solve 0.7, kernel_build 0.2, membership 0.0, tile_loop_end 0.0, reconcile 0.0
[slack0-eager] device peak 0.00 GiB, host maxrss 2.4 GB
--- arm slack0-eager: rc=0

=== engine-eager vs engine-host: state hashes equal = True; host stats differing = 0 []; at step 1's tile_loop_end codes differ 0 (max 0), scales differ 0; spills 112 vs 112; run 58.4 vs 38.6s ===

=== slack0-eager vs slack0-host: state hashes equal = True; host stats differing = 0 []; at step 1's tile_loop_end codes differ 0 (max 0), scales differ 0; spills 1294 vs 1294; run 61.0 vs 35.5s ===

=== compiled vs eager at step 1's tile_loop_end: codes differ 0 of 120885 (max 0; floor 1); scales differ 0 of 512 (max rel 0.0) ===

=== phases, s over the run (compiled device lane | host) ===
  tile_long             0.0 |     28.7
  migrate               7.9 |      0.1
  lead_drift            6.1 |      1.7
  coarse_paint          2.1 |      4.4
  repack                3.0 |      0.0
  tile_loop             2.9 |      0.0
  kernel_build          0.2 |      1.6
  coarse_solve          0.7 |      1.0
  tile_decode           0.0 |      0.5
  tile_short            0.0 |      0.3
  tile_reduce           0.0 |      0.1
  membership            0.0 |      0.0
  tile_loop_end         0.0 |      0.0
  reconcile             0.0 |      0.0

card: /scratch/10303/jrc4/src/inexor/runs/v2/e1_device_step_gbsmoke.json
rc=0
--- LEG smoke rc=0 ---

=== LEG engine ===
 WARN Encountered 1 warning while parsing the manifest:
  ⚠ the `[system-requirements]` table is deprecated in favor of virtual
  │ packages on `platforms`
    ╭─[/scratch/10303/jrc4/src/inexor/pyproject.toml:68:1]
 67 │     platforms = ["linux-64", "linux-aarch64"]
 68 │ ╭─▶ [tool.pixi.feature.gpu.system-requirements]
 69 │ ├─▶ cuda = "12"
    · ╰──── declare these on the `platforms` entries instead
 70 │     [tool.pixi.feature.gpu.dependencies]
    ╰────
  help: e.g. platforms = [{ name = "my-linux-64", platform = "linux-64", cuda
        = "12" }]

 WARN cache for Repodata at /home1/10303/jrc4/.cache/rattler/cache/repodata is on a network/parallel filesystem (NFS/SMB/FUSE/BeeGFS/Lustre/GPFS/CephFS), redirected to /tmp/pixi-cache-jrc4/repodata for this run. Set [cache.repodata] in config.toml or PIXI_CACHE_DIR to override, or [cache.netfs-redirect] = "never" to keep the original path.

--- arm engine-host: --arm engine-host --n-part 512 --steps 2 --slack0-arena 0.05 --snap-dir /scratch/10303/jrc4/src/inexor/runs/v2/e1_snap --out-suffix _gb
cuBLAS < 13.2 (120902 found) has a known issue where many kernels free TMEM buffers multiple times. Executing a cuBLAS kernel concurrently with another kernel (e.g. on another stream) can lead to silent data corruption.
[engine-host] cgh64: n_part=512 nb=32 slack=0.1 arena_frac=0.01 built in 31.8s on gpu; K=2; coarse=host tile=host jit=True migrate=host
[engine-host] run 378.4s; spills 0; phases: coarse_paint 208.1, tile_decode 42.8, tile_long 39.7, migrate 36.1, lead_drift 19.0, tile_reduce 18.8, tile_short 5.8, coarse_solve 4.7, repack 1.2, kernel_build 0.8, membership 0.3, tile_loop_end 0.0, reconcile 0.0
[engine-host] device peak 2.83 GiB, host maxrss 24.6 GB
--- arm engine-host: rc=0

--- arm engine-device: --arm engine-device --n-part 512 --steps 2 --slack0-arena 0.05 --snap-dir /scratch/10303/jrc4/src/inexor/runs/v2/e1_snap --out-suffix _gb
cuBLAS < 13.2 (120902 found) has a known issue where many kernels free TMEM buffers multiple times. Executing a cuBLAS kernel concurrently with another kernel (e.g. on another stream) can lead to silent data corruption.
[engine-device] cgh64: n_part=512 nb=32 slack=0.1 arena_frac=0.01 built in 30.9s on gpu; K=2; coarse=device tile=device jit=True migrate=device
[engine-device] run 37.7s; spills 0; phases: tile_loop 13.5, lead_drift 6.0, migrate 5.8, coarse_solve 4.7, coarse_paint 3.5, repack 2.4, kernel_build 0.7, membership 0.3, tile_loop_end 0.0, reconcile 0.0
[engine-device] device peak 4.78 GiB, host maxrss 24.6 GB
--- arm engine-device: rc=0

--- arm slack0-host: --arm slack0-host --n-part 512 --steps 2 --slack0-arena 0.05 --snap-dir /scratch/10303/jrc4/src/inexor/runs/v2/e1_snap --out-suffix _gb
cuBLAS < 13.2 (120902 found) has a known issue where many kernels free TMEM buffers multiple times. Executing a cuBLAS kernel concurrently with another kernel (e.g. on another stream) can lead to silent data corruption.
[slack0-host] cgh64: n_part=512 nb=32 slack=0.0 arena_frac=0.05 built in 31.1s on gpu; K=2; coarse=host tile=host jit=True migrate=host
[slack0-host] run 393.8s; spills 483879; phases: coarse_paint 216.6, tile_decode 44.4, tile_long 39.8, migrate 39.0, lead_drift 20.0, tile_reduce 19.0, tile_short 5.5, coarse_solve 4.9, repack 2.6, kernel_build 0.8, membership 0.3, tile_loop_end 0.0, reconcile 0.0
[slack0-host] device peak 2.83 GiB, host maxrss 24.7 GB
--- arm slack0-host: rc=0

--- arm engine-eager: --arm engine-eager --n-part 512 --steps 2 --slack0-arena 0.05 --snap-dir /scratch/10303/jrc4/src/inexor/runs/v2/e1_snap --out-suffix _gb
cuBLAS < 13.2 (120902 found) has a known issue where many kernels free TMEM buffers multiple times. Executing a cuBLAS kernel concurrently with another kernel (e.g. on another stream) can lead to silent data corruption.
[engine-eager] cgh64: n_part=512 nb=32 slack=0.1 arena_frac=0.01 built in 31.0s on gpu; K=2; coarse=device tile=device jit=False migrate=device
[engine-eager] run 101.9s; spills 0; phases: tile_reduce 77.9, lead_drift 6.0, migrate 5.8, coarse_solve 4.6, coarse_paint 3.3, repack 2.1, kernel_build 0.8, membership 0.3, reconcile 0.0, tile_loop_end 0.0
[engine-eager] device peak 3.21 GiB, host maxrss 24.7 GB
--- arm engine-eager: rc=0

--- arm slack0-eager: --arm slack0-eager --n-part 512 --steps 2 --slack0-arena 0.05 --snap-dir /scratch/10303/jrc4/src/inexor/runs/v2/e1_snap --out-suffix _gb
cuBLAS < 13.2 (120902 found) has a known issue where many kernels free TMEM buffers multiple times. Executing a cuBLAS kernel concurrently with another kernel (e.g. on another stream) can lead to silent data corruption.
[slack0-eager] cgh64: n_part=512 nb=32 slack=0.0 arena_frac=0.05 built in 31.1s on gpu; K=2; coarse=device tile=device jit=False migrate=device
[slack0-eager] run 108.0s; spills 483879; phases: tile_reduce 77.8, migrate 7.6, lead_drift 7.3, repack 5.3, coarse_solve 4.9, coarse_paint 3.2, kernel_build 0.8, membership 0.3, tile_loop_end 0.0, reconcile 0.0
[slack0-eager] device peak 3.25 GiB, host maxrss 24.7 GB
--- arm slack0-eager: rc=0

=== engine-eager vs engine-host: state hashes equal = True; host stats differing = 0 []; at step 1's tile_loop_end codes differ 0 (max 0), scales differ 0; spills 0 vs 0; run 101.9 vs 378.4s ===

=== slack0-eager vs slack0-host: state hashes equal = True; host stats differing = 0 []; at step 1's tile_loop_end codes differ 0 (max 0), scales differ 0; spills 483879 vs 483879; run 108.0 vs 393.8s ===

=== compiled vs eager at step 1's tile_loop_end: codes differ 0 of 491285406 (max 0; floor 1); scales differ 0 of 32768 (max rel 0.0) ===

=== phases, s over the run (compiled device lane | host) ===
  coarse_paint          3.5 |    208.1
  tile_decode           0.0 |     42.8
  tile_long             0.0 |     39.7
  migrate               5.8 |     36.1
  lead_drift            6.0 |     19.0
  tile_reduce           0.0 |     18.8
  tile_loop            13.5 |      0.0
  tile_short            0.0 |      5.8
  coarse_solve          4.7 |      4.7
  repack                2.4 |      1.2
  kernel_build          0.7 |      0.8
  membership            0.3 |      0.3
  tile_loop_end         0.0 |      0.0
  reconcile             0.0 |      0.0

card: /scratch/10303/jrc4/src/inexor/runs/v2/e1_device_step_gb.json
rc=0
--- LEG engine rc=0 ---

=== LEG pytest-gpu ===
 WARN Encountered 1 warning while parsing the manifest:
  ⚠ the `[system-requirements]` table is deprecated in favor of virtual
  │ packages on `platforms`
    ╭─[/scratch/10303/jrc4/src/inexor/pyproject.toml:68:1]
 67 │     platforms = ["linux-64", "linux-aarch64"]
 68 │ ╭─▶ [tool.pixi.feature.gpu.system-requirements]
 69 │ ├─▶ cuda = "12"
    · ╰──── declare these on the `platforms` entries instead
 70 │     [tool.pixi.feature.gpu.dependencies]
    ╰────
  help: e.g. platforms = [{ name = "my-linux-64", platform = "linux-64", cuda
        = "12" }]

 WARN cache for Repodata at /home1/10303/jrc4/.cache/rattler/cache/repodata is on a network/parallel filesystem (NFS/SMB/FUSE/BeeGFS/Lustre/GPFS/CephFS), redirected to /tmp/pixi-cache-jrc4/repodata for this run. Set [cache.repodata] in config.toml or PIXI_CACHE_DIR to override, or [cache.netfs-redirect] = "never" to keep the original path.
............s................................................            [100%]
60 passed, 1 skipped in 1060.33s (0:17:40)
--- LEG pytest-gpu rc=0 ---

=== rc_total=0 ===
