=== c672-011.vista.tacc.utexas.edu: commit b679ada, job 999779 ===
0, NVIDIA GB200, 189471 MiB
1, NVIDIA GB200, 189471 MiB
2, NVIDIA GB200, 189471 MiB
3, NVIDIA GB200, 189471 MiB
               total        used        free      shared  buff/cache   available
Mem:            1691          64        1658           0           0        1627
XLA_PJRT_GPU_HOST_MEMORY_LIMIT_GB=900
XLA_PYTHON_CLIENT_PREALLOCATE=false

=== LEG devices (01:21:40) ===
 WARN Encountered 1 warning while parsing the manifest:
  ⚠ the `[system-requirements]` table is deprecated in favor of virtual
  │ packages on `platforms`
    ╭─[/scratch/10303/jrc4/src/inexor/pyproject.toml:68:1]
 67 │     platforms = ["linux-64", "linux-aarch64"]
 68 │ ╭─▶ [tool.pixi.feature.gpu.system-requirements]
 69 │ ├─▶ cuda = "12"
    · ╰──── declare these on the `platforms` entries instead
 70 │     [tool.pixi.feature.gpu.dependencies]
    ╰────
  help: e.g. platforms = [{ name = "my-linux-64", platform = "linux-64", cuda
        = "12" }]

 WARN cache for Repodata at /home1/10303/jrc4/.cache/rattler/cache/repodata is on a network/parallel filesystem (NFS/SMB/FUSE/BeeGFS/Lustre/GPFS/CephFS), redirected to /tmp/pixi-cache-jrc4/repodata for this run. Set [cache.repodata] in config.toml or PIXI_CACHE_DIR to override, or [cache.netfs-redirect] = "never" to keep the original path.
cuBLAS < 13.2 (120902 found) has a known issue where many kernels free TMEM buffers multiple times. Executing a cuBLAS kernel concurrently with another kernel (e.g. on another stream) can lead to silent data corruption.
jax devices: [CudaDevice(id=0), CudaDevice(id=1), CudaDevice(id=2), CudaDevice(id=3)]
--- LEG devices rc=0 (01:21:54) ---

=== LEG pytest-gpu (01:21:54) ===
 WARN Encountered 1 warning while parsing the manifest:
  ⚠ the `[system-requirements]` table is deprecated in favor of virtual
  │ packages on `platforms`
    ╭─[/scratch/10303/jrc4/src/inexor/pyproject.toml:68:1]
 67 │     platforms = ["linux-64", "linux-aarch64"]
 68 │ ╭─▶ [tool.pixi.feature.gpu.system-requirements]
 69 │ ├─▶ cuda = "12"
    · ╰──── declare these on the `platforms` entries instead
 70 │     [tool.pixi.feature.gpu.dependencies]
    ╰────
  help: e.g. platforms = [{ name = "my-linux-64", platform = "linux-64", cuda
        = "12" }]

 WARN cache for Repodata at /home1/10303/jrc4/.cache/rattler/cache/repodata is on a network/parallel filesystem (NFS/SMB/FUSE/BeeGFS/Lustre/GPFS/CephFS), redirected to /tmp/pixi-cache-jrc4/repodata for this run. Set [cache.repodata] in config.toml or PIXI_CACHE_DIR to override, or [cache.netfs-redirect] = "never" to keep the original path.
........................................................................ [ 85%]
.......s....                                                             [100%]
83 passed, 1 skipped in 467.97s (0:07:47)
--- LEG pytest-gpu rc=0 (01:29:47) ---

=== LEG smoke (01:29:47) ===
 WARN Encountered 1 warning while parsing the manifest:
  ⚠ the `[system-requirements]` table is deprecated in favor of virtual
  │ packages on `platforms`
    ╭─[/scratch/10303/jrc4/src/inexor/pyproject.toml:68:1]
 67 │     platforms = ["linux-64", "linux-aarch64"]
 68 │ ╭─▶ [tool.pixi.feature.gpu.system-requirements]
 69 │ ├─▶ cuda = "12"
    · ╰──── declare these on the `platforms` entries instead
 70 │     [tool.pixi.feature.gpu.dependencies]
    ╰────
  help: e.g. platforms = [{ name = "my-linux-64", platform = "linux-64", cuda
        = "12" }]

 WARN cache for Repodata at /home1/10303/jrc4/.cache/rattler/cache/repodata is on a network/parallel filesystem (NFS/SMB/FUSE/BeeGFS/Lustre/GPFS/CephFS), redirected to /tmp/pixi-cache-jrc4/repodata for this run. Set [cache.repodata] in config.toml or PIXI_CACHE_DIR to override, or [cache.netfs-redirect] = "never" to keep the original path.

--- arm xback: --arm xback --n-part 32 --xback-frac 1.9 --steps 2 --reps 1 
cuBLAS < 13.2 (120902 found) has a known issue where many kernels free TMEM buffers multiple times. Executing a cuBLAS kernel concurrently with another kernel (e.g. on another stream) can lead to silent data corruption.
[xback] step 0: numpy 0.1s, compiled 2.0s; state BITWISE = True ; stats equal = True; reach 2 (realized 2), overflow 1249, arena_used 1249
[xback] step 1: numpy 0.1s, compiled 0.1s; state BITWISE = True ; stats equal = True; reach 2 (realized 2), overflow 1398, arena_used 1398
[xback] receipts: eject calls 16, insert calls 16, overflow 2647, residents re-homed 1249, realized reach 2; VACUOUS: none
--- arm xback: rc=0

--- arm insert-parity: --arm insert-parity --shape-nb 8 --emig-share 0.05 --reach 1 --steps 2 --reps 1 
cuBLAS < 13.2 (120902 found) has a known issue where many kernels free TMEM buffers multiple times. Executing a cuBLAS kernel concurrently with another kernel (e.g. on another stream) can lead to silent data corruption.
[insert-parity] 288,357 rows: identical=True diffs={'abs_max': 0, 'dest': 0, 'n_spill': 0, 'n_write': 0, 'occupancy': 0, 'off': 0, 'pos': 0, 'scales': 0, 'w': 0}
[insert-parity] HLO tokens ['cub', 'sort']
--- arm insert-parity: rc=0

card: /scratch/10303/jrc4/src/inexor/runs/v2/d3_device_migrate_m2ab_gbsmoke.json
worst rc 0
--- LEG smoke rc=0 (01:29:59) ---

=== LEG identity (01:29:59) ===
 WARN Encountered 1 warning while parsing the manifest:
  ⚠ the `[system-requirements]` table is deprecated in favor of virtual
  │ packages on `platforms`
    ╭─[/scratch/10303/jrc4/src/inexor/pyproject.toml:68:1]
 67 │     platforms = ["linux-64", "linux-aarch64"]
 68 │ ╭─▶ [tool.pixi.feature.gpu.system-requirements]
 69 │ ├─▶ cuda = "12"
    · ╰──── declare these on the `platforms` entries instead
 70 │     [tool.pixi.feature.gpu.dependencies]
    ╰────
  help: e.g. platforms = [{ name = "my-linux-64", platform = "linux-64", cuda
        = "12" }]

 WARN cache for Repodata at /home1/10303/jrc4/.cache/rattler/cache/repodata is on a network/parallel filesystem (NFS/SMB/FUSE/BeeGFS/Lustre/GPFS/CephFS), redirected to /tmp/pixi-cache-jrc4/repodata for this run. Set [cache.repodata] in config.toml or PIXI_CACHE_DIR to override, or [cache.netfs-redirect] = "never" to keep the original path.

--- arm xback: --arm xback --n-part 256 --xback-frac 1.9 --steps 2 --reps 3 
cuBLAS < 13.2 (120902 found) has a known issue where many kernels free TMEM buffers multiple times. Executing a cuBLAS kernel concurrently with another kernel (e.g. on another stream) can lead to silent data corruption.
[xback] step 0: numpy 4.4s, compiled 4.3s; state BITWISE = True ; stats equal = True; reach 2 (realized 2), overflow 89782, arena_used 89782
[xback] step 1: numpy 4.6s, compiled 2.8s; state BITWISE = True ; stats equal = True; reach 2 (realized 2), overflow 98397, arena_used 98397
[xback] receipts: eject calls 32, insert calls 32, overflow 188179, residents re-homed 89782, realized reach 2; VACUOUS: none
--- arm xback: rc=0

--- arm device-real: --arm device-real --n-part 512 --real-frac 0.5 --steps 2 --reps 3 
cuBLAS < 13.2 (120902 found) has a known issue where many kernels free TMEM buffers multiple times. Executing a cuBLAS kernel concurrently with another kernel (e.g. on another stream) can lead to silent data corruption.
[device-real] n_part=512 nb=32 (4,194,304 rows per slab) built in 31.4s on gpu
[device-real] step 0: numpy 28.18s | device 6.42s; new programs 8; BITWISE numpy = True ; reach 1 (realized 1), overflow 0, arena_used 0
[device-real] step 1: numpy 27.61s | device 1.71s; new programs 0; BITWISE numpy = True ; reach 1 (realized 1), overflow 0, arena_used 0
[device-real] timed step: numpy 27.58s | device 1.72s (synced; phases sum 1.71s); BITWISE numpy = True
       0.336 s  insert: kernel
       0.299 s  insert: slot range to host
       0.254 s  eject: upload
       0.223 s  insert: compact inputs
       0.133 s  eject: host index + window
       0.121 s  insert: census
       0.083 s  insert: shrink staged
       0.066 s  eject: reach + scalars
       0.066 s  eject: rows program
       0.044 s  insert: scalars + write program
       0.038 s  insert: occupancy + scales to host
       0.019 s  eject: kernel
       0.013 s  pass: final census
       0.012 s  pass: arena replay
       0.001 s  pass: setup
       0.000 s  insert: spills to host
[device-real] device peak 1.23 GiB
--- arm device-real: rc=0

card: /scratch/10303/jrc4/src/inexor/runs/v2/d3_device_migrate_m2ab_gb.json
worst rc 0
--- LEG identity rc=0 (01:32:33) ---

=== LEG insert-parity (01:32:33) ===
 WARN Encountered 1 warning while parsing the manifest:
  ⚠ the `[system-requirements]` table is deprecated in favor of virtual
  │ packages on `platforms`
    ╭─[/scratch/10303/jrc4/src/inexor/pyproject.toml:68:1]
 67 │     platforms = ["linux-64", "linux-aarch64"]
 68 │ ╭─▶ [tool.pixi.feature.gpu.system-requirements]
 69 │ ├─▶ cuda = "12"
    · ╰──── declare these on the `platforms` entries instead
 70 │     [tool.pixi.feature.gpu.dependencies]
    ╰────
  help: e.g. platforms = [{ name = "my-linux-64", platform = "linux-64", cuda
        = "12" }]

 WARN cache for Repodata at /home1/10303/jrc4/.cache/rattler/cache/repodata is on a network/parallel filesystem (NFS/SMB/FUSE/BeeGFS/Lustre/GPFS/CephFS), redirected to /tmp/pixi-cache-jrc4/repodata for this run. Set [cache.repodata] in config.toml or PIXI_CACHE_DIR to override, or [cache.netfs-redirect] = "never" to keep the original path.

--- arm insert-parity: --arm insert-parity --shape-nb 256 --emig-share 0.05 --reach 1 --steps 2 --reps 3 
cuBLAS < 13.2 (120902 found) has a known issue where many kernels free TMEM buffers multiple times. Executing a cuBLAS kernel concurrently with another kernel (e.g. on another stream) can lead to silent data corruption.
[insert-parity] 295,278,999 rows: identical=True diffs={'abs_max': 0, 'dest': 0, 'n_spill': 0, 'n_write': 0, 'occupancy': 0, 'off': 0, 'pos': 0, 'scales': 0, 'w': 0}
[insert-parity] HLO tokens ['cub', 'sort']
--- arm insert-parity: rc=0

card: /scratch/10303/jrc4/src/inexor/runs/v2/d3_device_migrate_m2ab_parity_gb.json
worst rc 0
--- LEG insert-parity rc=0 (01:32:57) ---

=== LEG peak-ab (01:32:57) ===
 WARN Encountered 1 warning while parsing the manifest:
  ⚠ the `[system-requirements]` table is deprecated in favor of virtual
  │ packages on `platforms`
    ╭─[/scratch/10303/jrc4/src/inexor/pyproject.toml:68:1]
 67 │     platforms = ["linux-64", "linux-aarch64"]
 68 │ ╭─▶ [tool.pixi.feature.gpu.system-requirements]
 69 │ ├─▶ cuda = "12"
    · ╰──── declare these on the `platforms` entries instead
 70 │     [tool.pixi.feature.gpu.dependencies]
    ╰────
  help: e.g. platforms = [{ name = "my-linux-64", platform = "linux-64", cuda
        = "12" }]

 WARN cache for Repodata at /home1/10303/jrc4/.cache/rattler/cache/repodata is on a network/parallel filesystem (NFS/SMB/FUSE/BeeGFS/Lustre/GPFS/CephFS), redirected to /tmp/pixi-cache-jrc4/repodata for this run. Set [cache.repodata] in config.toml or PIXI_CACHE_DIR to override, or [cache.netfs-redirect] = "never" to keep the original path.

--- arm peak insert:0.05:1:legacy: --arm peak-insert --shape-nb 256 --emig-share 0.05 --reach 1 --insert-impl legacy --steps 2 --reps 3 
cuBLAS < 13.2 (120902 found) has a known issue where many kernels free TMEM buffers multiple times. Executing a cuBLAS kernel concurrently with another kernel (e.g. on another stream) can lead to silent data corruption.
[peak-insert/legacy] share 0.05 reach 1: 295,278,999 input rows (1.10 slabs): device peak 22.28 GiB = 81.0 B/input row = 89.1 B/slab row; walls [3.79, 2.38] s; written 268,439,125 spilled 0
--- arm peak insert:0.05:1:legacy: rc=0

--- arm peak insert:0.05:1:current: --arm peak-insert --shape-nb 256 --emig-share 0.05 --reach 1 --insert-impl current --steps 2 --reps 3 
cuBLAS < 13.2 (120902 found) has a known issue where many kernels free TMEM buffers multiple times. Executing a cuBLAS kernel concurrently with another kernel (e.g. on another stream) can lead to silent data corruption.
[peak-insert/current] share 0.05 reach 1: 295,278,999 input rows (1.10 slabs): device peak 21.86 GiB = 79.5 B/input row = 87.5 B/slab row; walls [3.26, 1.9] s; written 268,439,125 spilled 0
--- arm peak insert:0.05:1:current: rc=0

card: /scratch/10303/jrc4/src/inexor/runs/v2/d3_device_migrate_m2ab_peak_gb.json
worst rc 0
--- LEG peak-ab rc=0 (01:33:34) ---

=== rc_total=0 ===
