=== c672-007.vista.tacc.utexas.edu: commit 65d06fd, job 1001060 ===
0, NVIDIA GB200, 189471 MiB
1, NVIDIA GB200, 189471 MiB
2, NVIDIA GB200, 189471 MiB
3, NVIDIA GB200, 189471 MiB
               total        used        free      shared  buff/cache   available
Mem:            1691          72        1650           0           0        1618
XLA_PJRT_GPU_HOST_MEMORY_LIMIT_GB=900
XLA_PYTHON_CLIENT_PREALLOCATE=false

=== LEG devices (13:17:21) ===
 WARN Encountered 1 warning while parsing the manifest:
  ⚠ the `[system-requirements]` table is deprecated in favor of virtual
  │ packages on `platforms`
    ╭─[/scratch/10303/jrc4/src/inexor/pyproject.toml:68:1]
 67 │     platforms = ["linux-64", "linux-aarch64"]
 68 │ ╭─▶ [tool.pixi.feature.gpu.system-requirements]
 69 │ ├─▶ cuda = "12"
    · ╰──── declare these on the `platforms` entries instead
 70 │     [tool.pixi.feature.gpu.dependencies]
    ╰────
  help: e.g. platforms = [{ name = "my-linux-64", platform = "linux-64", cuda
        = "12" }]

 WARN cache for Repodata at /home1/10303/jrc4/.cache/rattler/cache/repodata is on a network/parallel filesystem (NFS/SMB/FUSE/BeeGFS/Lustre/GPFS/CephFS), redirected to /tmp/pixi-cache-jrc4/repodata for this run. Set [cache.repodata] in config.toml or PIXI_CACHE_DIR to override, or [cache.netfs-redirect] = "never" to keep the original path.
cuBLAS < 13.2 (120902 found) has a known issue where many kernels free TMEM buffers multiple times. Executing a cuBLAS kernel concurrently with another kernel (e.g. on another stream) can lead to silent data corruption.
jax devices: [CudaDevice(id=0), CudaDevice(id=1), CudaDevice(id=2), CudaDevice(id=3)]
--- LEG devices rc=0 (13:17:35) ---

=== LEG pytest-gpu (13:17:35) ===
 WARN Encountered 1 warning while parsing the manifest:
  ⚠ the `[system-requirements]` table is deprecated in favor of virtual
  │ packages on `platforms`
    ╭─[/scratch/10303/jrc4/src/inexor/pyproject.toml:68:1]
 67 │     platforms = ["linux-64", "linux-aarch64"]
 68 │ ╭─▶ [tool.pixi.feature.gpu.system-requirements]
 69 │ ├─▶ cuda = "12"
    · ╰──── declare these on the `platforms` entries instead
 70 │     [tool.pixi.feature.gpu.dependencies]
    ╰────
  help: e.g. platforms = [{ name = "my-linux-64", platform = "linux-64", cuda
        = "12" }]

 WARN cache for Repodata at /home1/10303/jrc4/.cache/rattler/cache/repodata is on a network/parallel filesystem (NFS/SMB/FUSE/BeeGFS/Lustre/GPFS/CephFS), redirected to /tmp/pixi-cache-jrc4/repodata for this run. Set [cache.repodata] in config.toml or PIXI_CACHE_DIR to override, or [cache.netfs-redirect] = "never" to keep the original path.
........................................................................ [ 79%]
..............s....                                                      [100%]
90 passed, 1 skipped in 450.86s (0:07:30)
--- LEG pytest-gpu rc=0 (13:25:10) ---

=== LEG smoke (13:25:10) ===
 WARN Encountered 1 warning while parsing the manifest:
  ⚠ the `[system-requirements]` table is deprecated in favor of virtual
  │ packages on `platforms`
    ╭─[/scratch/10303/jrc4/src/inexor/pyproject.toml:68:1]
 67 │     platforms = ["linux-64", "linux-aarch64"]
 68 │ ╭─▶ [tool.pixi.feature.gpu.system-requirements]
 69 │ ├─▶ cuda = "12"
    · ╰──── declare these on the `platforms` entries instead
 70 │     [tool.pixi.feature.gpu.dependencies]
    ╰────
  help: e.g. platforms = [{ name = "my-linux-64", platform = "linux-64", cuda
        = "12" }]

 WARN cache for Repodata at /home1/10303/jrc4/.cache/rattler/cache/repodata is on a network/parallel filesystem (NFS/SMB/FUSE/BeeGFS/Lustre/GPFS/CephFS), redirected to /tmp/pixi-cache-jrc4/repodata for this run. Set [cache.repodata] in config.toml or PIXI_CACHE_DIR to override, or [cache.netfs-redirect] = "never" to keep the original path.

--- arm xback: --arm xback --n-part 32 --xback-frac 1.9 --steps 2 --reps 1 
cuBLAS < 13.2 (120902 found) has a known issue where many kernels free TMEM buffers multiple times. Executing a cuBLAS kernel concurrently with another kernel (e.g. on another stream) can lead to silent data corruption.
[xback] step 0: numpy 0.1s, compiled 1.9s; state BITWISE = True ; stats equal = True; reach 2 (realized 2), overflow 1249, arena_used 1249
[xback] step 1: numpy 0.1s, compiled 0.1s; state BITWISE = True ; stats equal = True; reach 2 (realized 2), overflow 1398, arena_used 1398
[xback] receipts: eject calls 16, insert calls 16, overflow 2647, residents re-homed 1249, realized reach 2; VACUOUS: none
--- arm xback: rc=0

--- arm device-xback/current: --arm device-xback --n-part 32 --xback-frac 1.9 --migrate-impl current --steps 2 --reps 1 
cuBLAS < 13.2 (120902 found) has a known issue where many kernels free TMEM buffers multiple times. Executing a cuBLAS kernel concurrently with another kernel (e.g. on another stream) can lead to silent data corruption.
[device-xback/current] n_part=32 nb=8 (4,096 rows per slab) built in 0.0s on gpu
[device-xback] step 0: numpy 0.06s | device 4.81s; new programs 12; BITWISE numpy = True ; reach 2 (realized 2), overflow 1249, arena_used 1249
[device-xback] step 1: numpy 0.07s | device 1.64s; new programs 5; BITWISE numpy = True ; reach 2 (realized 2), overflow 1398, arena_used 1398
[device-xback] timed step: numpy 0.06s | device 0.90s (synced; phases sum 0.90s); BITWISE numpy = True
       0.321 s  insert: spills to host
       0.287 s  eject: rows program
       0.122 s  eject: upload
       0.088 s  insert: compact inputs
       0.031 s  insert: shrink staged
       0.010 s  eject: reach + scalars
       0.010 s  insert: scalars + write program
       0.010 s  insert: kernel
       0.005 s  eject: kernel
       0.004 s  insert: slot range to host
       0.003 s  pass: arena replay
       0.003 s  insert: occupancy + scales to host
       0.001 s  eject: host index
       0.000 s  pass: setup
       0.000 s  insert: census
       0.000 s  eject: window
       0.000 s  pass: final census
[device-xback] device peak 0.00 GiB
--- arm device-xback/current: rc=0

--- arm device-real/current: --arm device-real --n-part 64 --real-frac 0.5 --migrate-impl current --steps 2 --reps 1 
cuBLAS < 13.2 (120902 found) has a known issue where many kernels free TMEM buffers multiple times. Executing a cuBLAS kernel concurrently with another kernel (e.g. on another stream) can lead to silent data corruption.
[device-real/current] n_part=64 nb=4 (65,536 rows per slab) built in 0.0s on gpu
[device-real] step 0: numpy 0.06s | device 3.61s; new programs 10; BITWISE numpy = True ; reach 1 (realized 1), overflow 0, arena_used 0
[device-real] step 1: numpy 0.06s | device 0.08s; new programs 0; BITWISE numpy = True ; reach 1 (realized 1), overflow 0, arena_used 0
[device-real] timed step: numpy 0.06s | device 0.07s (synced; phases sum 0.07s); BITWISE numpy = True
       0.026 s  insert: compact inputs
       0.009 s  insert: shrink staged
       0.009 s  eject: upload
       0.006 s  insert: kernel
       0.004 s  insert: scalars + write program
       0.004 s  eject: rows program
       0.003 s  eject: reach + scalars
       0.002 s  insert: slot range to host
       0.001 s  insert: occupancy + scales to host
       0.001 s  eject: kernel
       0.000 s  eject: host index
       0.000 s  pass: setup
       0.000 s  pass: arena replay
       0.000 s  insert: census
       0.000 s  pass: final census
       0.000 s  eject: window
       0.000 s  insert: spills to host
[device-real] device peak 0.02 GiB
--- arm device-real/current: rc=0

card: /scratch/10303/jrc4/src/inexor/runs/v2/d3_device_migrate_m3ab_gbsmoke.json
worst rc 0
--- LEG smoke rc=0 (13:25:36) ---

=== LEG identity (13:25:36) ===
 WARN Encountered 1 warning while parsing the manifest:
  ⚠ the `[system-requirements]` table is deprecated in favor of virtual
  │ packages on `platforms`
    ╭─[/scratch/10303/jrc4/src/inexor/pyproject.toml:68:1]
 67 │     platforms = ["linux-64", "linux-aarch64"]
 68 │ ╭─▶ [tool.pixi.feature.gpu.system-requirements]
 69 │ ├─▶ cuda = "12"
    · ╰──── declare these on the `platforms` entries instead
 70 │     [tool.pixi.feature.gpu.dependencies]
    ╰────
  help: e.g. platforms = [{ name = "my-linux-64", platform = "linux-64", cuda
        = "12" }]

 WARN cache for Repodata at /home1/10303/jrc4/.cache/rattler/cache/repodata is on a network/parallel filesystem (NFS/SMB/FUSE/BeeGFS/Lustre/GPFS/CephFS), redirected to /tmp/pixi-cache-jrc4/repodata for this run. Set [cache.repodata] in config.toml or PIXI_CACHE_DIR to override, or [cache.netfs-redirect] = "never" to keep the original path.

--- arm xback: --arm xback --n-part 256 --xback-frac 1.9 --steps 2 --reps 3 
cuBLAS < 13.2 (120902 found) has a known issue where many kernels free TMEM buffers multiple times. Executing a cuBLAS kernel concurrently with another kernel (e.g. on another stream) can lead to silent data corruption.
[xback] step 0: numpy 4.7s, compiled 4.4s; state BITWISE = True ; stats equal = True; reach 2 (realized 2), overflow 89782, arena_used 89782
[xback] step 1: numpy 4.7s, compiled 3.1s; state BITWISE = True ; stats equal = True; reach 2 (realized 2), overflow 98397, arena_used 98397
[xback] receipts: eject calls 32, insert calls 32, overflow 188179, residents re-homed 89782, realized reach 2; VACUOUS: none
--- arm xback: rc=0

--- arm device-xback/current: --arm device-xback --n-part 256 --xback-frac 1.9 --migrate-impl current --steps 2 --reps 3 
cuBLAS < 13.2 (120902 found) has a known issue where many kernels free TMEM buffers multiple times. Executing a cuBLAS kernel concurrently with another kernel (e.g. on another stream) can lead to silent data corruption.
[device-xback/current] n_part=256 nb=16 (1,048,576 rows per slab) built in 3.9s on gpu
[device-xback] step 0: numpy 4.63s | device 5.09s; new programs 12; BITWISE numpy = True ; reach 2 (realized 2), overflow 89782, arena_used 89782
[device-xback] step 1: numpy 4.70s | device 2.07s; new programs 4; BITWISE numpy = True ; reach 2 (realized 2), overflow 98397, arena_used 98397
[device-xback] timed step: numpy 5.07s | device 1.25s (synced; phases sum 1.23s); BITWISE numpy = True
       0.289 s  eject: rows program
       0.224 s  insert: compact inputs
       0.184 s  eject: upload
       0.143 s  insert: kernel
       0.092 s  insert: spills to host
       0.078 s  pass: arena replay
       0.071 s  insert: shrink staged
       0.062 s  insert: slot range to host
       0.028 s  insert: scalars + write program
       0.023 s  eject: reach + scalars
       0.010 s  insert: occupancy + scales to host
       0.008 s  eject: kernel
       0.007 s  eject: host index
       0.006 s  pass: final census
       0.002 s  eject: window
       0.001 s  pass: setup
       0.001 s  insert: census
[device-xback] device peak 0.78 GiB
--- arm device-xback/current: rc=0

card: /scratch/10303/jrc4/src/inexor/runs/v2/d3_device_migrate_m3ab_gb.json
worst rc 0
--- LEG identity rc=0 (13:26:32) ---

=== LEG ab-512-legacy (13:26:32) ===
 WARN Encountered 1 warning while parsing the manifest:
  ⚠ the `[system-requirements]` table is deprecated in favor of virtual
  │ packages on `platforms`
    ╭─[/scratch/10303/jrc4/src/inexor/pyproject.toml:68:1]
 67 │     platforms = ["linux-64", "linux-aarch64"]
 68 │ ╭─▶ [tool.pixi.feature.gpu.system-requirements]
 69 │ ├─▶ cuda = "12"
    · ╰──── declare these on the `platforms` entries instead
 70 │     [tool.pixi.feature.gpu.dependencies]
    ╰────
  help: e.g. platforms = [{ name = "my-linux-64", platform = "linux-64", cuda
        = "12" }]

 WARN cache for Repodata at /home1/10303/jrc4/.cache/rattler/cache/repodata is on a network/parallel filesystem (NFS/SMB/FUSE/BeeGFS/Lustre/GPFS/CephFS), redirected to /tmp/pixi-cache-jrc4/repodata for this run. Set [cache.repodata] in config.toml or PIXI_CACHE_DIR to override, or [cache.netfs-redirect] = "never" to keep the original path.

--- arm device-real/legacy: --arm device-real --n-part 512 --real-frac 0.5 --migrate-impl legacy --steps 2 --reps 3 
cuBLAS < 13.2 (120902 found) has a known issue where many kernels free TMEM buffers multiple times. Executing a cuBLAS kernel concurrently with another kernel (e.g. on another stream) can lead to silent data corruption.
[device-real/legacy] n_part=512 nb=32 (4,194,304 rows per slab) built in 31.1s on gpu
[device-real] step 0: numpy 31.34s | device 6.98s; new programs 8; BITWISE numpy = True ; reach 1 (realized 1), overflow 0, arena_used 0
[device-real] step 1: numpy 32.13s | device 1.76s; new programs 0; BITWISE numpy = True ; reach 1 (realized 1), overflow 0, arena_used 0
[device-real] timed step: numpy 30.37s | device 1.78s (synced; phases sum 1.76s); BITWISE numpy = True
       0.338 s  insert: kernel
       0.302 s  insert: slot range to host
       0.257 s  eject: upload
       0.245 s  insert: compact inputs
       0.135 s  eject: host index + window
       0.129 s  insert: census
       0.091 s  insert: shrink staged
       0.070 s  eject: reach + scalars
       0.068 s  eject: rows program
       0.044 s  insert: scalars + write program
       0.038 s  insert: occupancy + scales to host
       0.019 s  eject: kernel
       0.013 s  pass: final census
       0.011 s  pass: arena replay
       0.001 s  pass: setup
       0.000 s  insert: spills to host
[device-real] device peak 1.23 GiB
--- arm device-real/legacy: rc=0

card: /scratch/10303/jrc4/src/inexor/runs/v2/d3_device_migrate_m3ab_512_legacy_gb.json
worst rc 0
--- LEG ab-512-legacy rc=0 (13:28:53) ---

=== LEG ab-512-current (13:28:53) ===
 WARN Encountered 1 warning while parsing the manifest:
  ⚠ the `[system-requirements]` table is deprecated in favor of virtual
  │ packages on `platforms`
    ╭─[/scratch/10303/jrc4/src/inexor/pyproject.toml:68:1]
 67 │     platforms = ["linux-64", "linux-aarch64"]
 68 │ ╭─▶ [tool.pixi.feature.gpu.system-requirements]
 69 │ ├─▶ cuda = "12"
    · ╰──── declare these on the `platforms` entries instead
 70 │     [tool.pixi.feature.gpu.dependencies]
    ╰────
  help: e.g. platforms = [{ name = "my-linux-64", platform = "linux-64", cuda
        = "12" }]

 WARN cache for Repodata at /home1/10303/jrc4/.cache/rattler/cache/repodata is on a network/parallel filesystem (NFS/SMB/FUSE/BeeGFS/Lustre/GPFS/CephFS), redirected to /tmp/pixi-cache-jrc4/repodata for this run. Set [cache.repodata] in config.toml or PIXI_CACHE_DIR to override, or [cache.netfs-redirect] = "never" to keep the original path.

--- arm device-real/current: --arm device-real --n-part 512 --real-frac 0.5 --migrate-impl current --steps 2 --reps 3 
cuBLAS < 13.2 (120902 found) has a known issue where many kernels free TMEM buffers multiple times. Executing a cuBLAS kernel concurrently with another kernel (e.g. on another stream) can lead to silent data corruption.
[device-real/current] n_part=512 nb=32 (4,194,304 rows per slab) built in 32.4s on gpu
[device-real] step 0: numpy 31.71s | device 5.06s; new programs 10; BITWISE numpy = True ; reach 1 (realized 1), overflow 0, arena_used 0
[device-real] step 1: numpy 31.22s | device 1.49s; new programs 0; BITWISE numpy = True ; reach 1 (realized 1), overflow 0, arena_used 0
[device-real] timed step: numpy 29.64s | device 1.51s (synced; phases sum 1.50s); BITWISE numpy = True
       0.345 s  insert: kernel
       0.295 s  insert: slot range to host
       0.278 s  eject: upload
       0.242 s  insert: compact inputs
       0.089 s  insert: shrink staged
       0.061 s  eject: rows program
       0.046 s  insert: scalars + write program
       0.040 s  eject: reach + scalars
       0.039 s  insert: occupancy + scales to host
       0.019 s  eject: kernel
       0.018 s  eject: host index
       0.013 s  pass: final census
       0.011 s  pass: arena replay
       0.001 s  insert: census
       0.001 s  pass: setup
       0.000 s  eject: window
       0.000 s  insert: spills to host
[device-real] device peak 1.21 GiB
--- arm device-real/current: rc=0

card: /scratch/10303/jrc4/src/inexor/runs/v2/d3_device_migrate_m3ab_512_current_gb.json
worst rc 0
--- LEG ab-512-current rc=0 (13:31:11) ---

=== LEG ab-1024-legacy (13:31:11) ===
 WARN Encountered 1 warning while parsing the manifest:
  ⚠ the `[system-requirements]` table is deprecated in favor of virtual
  │ packages on `platforms`
    ╭─[/scratch/10303/jrc4/src/inexor/pyproject.toml:68:1]
 67 │     platforms = ["linux-64", "linux-aarch64"]
 68 │ ╭─▶ [tool.pixi.feature.gpu.system-requirements]
 69 │ ├─▶ cuda = "12"
    · ╰──── declare these on the `platforms` entries instead
 70 │     [tool.pixi.feature.gpu.dependencies]
    ╰────
  help: e.g. platforms = [{ name = "my-linux-64", platform = "linux-64", cuda
        = "12" }]

 WARN cache for Repodata at /home1/10303/jrc4/.cache/rattler/cache/repodata is on a network/parallel filesystem (NFS/SMB/FUSE/BeeGFS/Lustre/GPFS/CephFS), redirected to /tmp/pixi-cache-jrc4/repodata for this run. Set [cache.repodata] in config.toml or PIXI_CACHE_DIR to override, or [cache.netfs-redirect] = "never" to keep the original path.

--- arm device-real/legacy: --arm device-real --n-part 1024 --real-frac 0.5 --migrate-impl legacy --steps 2 --reps 3 
cuBLAS < 13.2 (120902 found) has a known issue where many kernels free TMEM buffers multiple times. Executing a cuBLAS kernel concurrently with another kernel (e.g. on another stream) can lead to silent data corruption.
[device-real/legacy] n_part=1024 nb=64 (16,777,216 rows per slab) built in 265.5s on gpu
[device-real] step 0: numpy 244.65s | device 15.98s; new programs 8; BITWISE numpy = True ; reach 1 (realized 1), overflow 0, arena_used 0
[device-real] step 1: numpy 246.69s | device 9.77s; new programs 0; BITWISE numpy = True ; reach 1 (realized 1), overflow 0, arena_used 0
[device-real] timed step: numpy 247.95s | device 9.89s (synced; phases sum 9.73s); BITWISE numpy = True
       2.429 s  insert: kernel
       2.338 s  insert: slot range to host
       1.712 s  eject: upload
       1.030 s  eject: host index + window
       0.513 s  insert: compact inputs
       0.361 s  eject: rows program
       0.267 s  insert: occupancy + scales to host
       0.260 s  insert: census
       0.221 s  insert: shrink staged
       0.145 s  eject: reach + scalars
       0.142 s  insert: scalars + write program
       0.140 s  pass: final census
       0.087 s  pass: arena replay
       0.087 s  eject: kernel
       0.001 s  pass: setup
       0.000 s  insert: spills to host
[device-real] device peak 4.92 GiB
--- arm device-real/legacy: rc=0

card: /scratch/10303/jrc4/src/inexor/runs/v2/d3_device_migrate_m3ab_1024_legacy_gb.json
worst rc 0
--- LEG ab-1024-legacy rc=0 (13:48:43) ---

=== LEG ab-1024-current (13:48:43) ===
 WARN Encountered 1 warning while parsing the manifest:
  ⚠ the `[system-requirements]` table is deprecated in favor of virtual
  │ packages on `platforms`
    ╭─[/scratch/10303/jrc4/src/inexor/pyproject.toml:68:1]
 67 │     platforms = ["linux-64", "linux-aarch64"]
 68 │ ╭─▶ [tool.pixi.feature.gpu.system-requirements]
 69 │ ├─▶ cuda = "12"
    · ╰──── declare these on the `platforms` entries instead
 70 │     [tool.pixi.feature.gpu.dependencies]
    ╰────
  help: e.g. platforms = [{ name = "my-linux-64", platform = "linux-64", cuda
        = "12" }]

 WARN cache for Repodata at /home1/10303/jrc4/.cache/rattler/cache/repodata is on a network/parallel filesystem (NFS/SMB/FUSE/BeeGFS/Lustre/GPFS/CephFS), redirected to /tmp/pixi-cache-jrc4/repodata for this run. Set [cache.repodata] in config.toml or PIXI_CACHE_DIR to override, or [cache.netfs-redirect] = "never" to keep the original path.

--- arm device-real/current: --arm device-real --n-part 1024 --real-frac 0.5 --migrate-impl current --steps 2 --reps 3 
cuBLAS < 13.2 (120902 found) has a known issue where many kernels free TMEM buffers multiple times. Executing a cuBLAS kernel concurrently with another kernel (e.g. on another stream) can lead to silent data corruption.
[device-real/current] n_part=1024 nb=64 (16,777,216 rows per slab) built in 260.7s on gpu
[device-real] step 0: numpy 233.41s | device 13.38s; new programs 10; BITWISE numpy = True ; reach 1 (realized 1), overflow 0, arena_used 0
[device-real] step 1: numpy 235.00s | device 8.89s; new programs 0; BITWISE numpy = True ; reach 1 (realized 1), overflow 0, arena_used 0
[device-real] timed step: numpy 234.54s | device 9.01s (synced; phases sum 8.86s); BITWISE numpy = True
       2.463 s  insert: kernel
       2.348 s  insert: slot range to host
       1.804 s  eject: upload
       0.596 s  insert: compact inputs
       0.356 s  eject: rows program
       0.274 s  insert: occupancy + scales to host
       0.252 s  insert: shrink staged
       0.177 s  eject: reach + scalars
       0.156 s  insert: scalars + write program
       0.136 s  pass: final census
       0.112 s  eject: host index
       0.090 s  eject: kernel
       0.086 s  pass: arena replay
       0.003 s  insert: census
       0.001 s  eject: window
       0.001 s  pass: setup
       0.000 s  insert: spills to host
[device-real] device peak 4.71 GiB
--- arm device-real/current: rc=0

card: /scratch/10303/jrc4/src/inexor/runs/v2/d3_device_migrate_m3ab_1024_current_gb.json
worst rc 0
--- LEG ab-1024-current rc=0 (14:05:29) ---

=== rc_total=0 ===
