=== c672-010.vista.tacc.utexas.edu: commit b5f9a3c, job 1001688 ===
0, NVIDIA GB200, 189471 MiB
1, NVIDIA GB200, 189471 MiB
2, NVIDIA GB200, 189471 MiB
3, NVIDIA GB200, 189471 MiB
               total        used        free      shared  buff/cache   available
Mem:            1691          65        1658           1           1        1626
XLA_PJRT_GPU_HOST_MEMORY_LIMIT_GB=900
XLA_PYTHON_CLIENT_PREALLOCATE=false

=== LEG devices (17:54:34) ===
 WARN Encountered 1 warning while parsing the manifest:
  ⚠ the `[system-requirements]` table is deprecated in favor of virtual
  │ packages on `platforms`
    ╭─[/scratch/10303/jrc4/src/inexor/pyproject.toml:68:1]
 67 │     platforms = ["linux-64", "linux-aarch64"]
 68 │ ╭─▶ [tool.pixi.feature.gpu.system-requirements]
 69 │ ├─▶ cuda = "12"
    · ╰──── declare these on the `platforms` entries instead
 70 │     [tool.pixi.feature.gpu.dependencies]
    ╰────
  help: e.g. platforms = [{ name = "my-linux-64", platform = "linux-64", cuda
        = "12" }]

 WARN cache for Repodata at /home1/10303/jrc4/.cache/rattler/cache/repodata is on a network/parallel filesystem (NFS/SMB/FUSE/BeeGFS/Lustre/GPFS/CephFS), redirected to /tmp/pixi-cache-jrc4/repodata for this run. Set [cache.repodata] in config.toml or PIXI_CACHE_DIR to override, or [cache.netfs-redirect] = "never" to keep the original path.
cuBLAS < 13.2 (120902 found) has a known issue where many kernels free TMEM buffers multiple times. Executing a cuBLAS kernel concurrently with another kernel (e.g. on another stream) can lead to silent data corruption.
jax devices: [CudaDevice(id=0), CudaDevice(id=1), CudaDevice(id=2), CudaDevice(id=3)]
--- LEG devices rc=0 (17:54:48) ---

=== LEG pytest-gpu (17:54:48) ===
 WARN Encountered 1 warning while parsing the manifest:
  ⚠ the `[system-requirements]` table is deprecated in favor of virtual
  │ packages on `platforms`
    ╭─[/scratch/10303/jrc4/src/inexor/pyproject.toml:68:1]
 67 │     platforms = ["linux-64", "linux-aarch64"]
 68 │ ╭─▶ [tool.pixi.feature.gpu.system-requirements]
 69 │ ├─▶ cuda = "12"
    · ╰──── declare these on the `platforms` entries instead
 70 │     [tool.pixi.feature.gpu.dependencies]
    ╰────
  help: e.g. platforms = [{ name = "my-linux-64", platform = "linux-64", cuda
        = "12" }]

 WARN cache for Repodata at /home1/10303/jrc4/.cache/rattler/cache/repodata is on a network/parallel filesystem (NFS/SMB/FUSE/BeeGFS/Lustre/GPFS/CephFS), redirected to /tmp/pixi-cache-jrc4/repodata for this run. Set [cache.repodata] in config.toml or PIXI_CACHE_DIR to override, or [cache.netfs-redirect] = "never" to keep the original path.
........................................................................ [ 88%]
.s.......                                                                [100%]
80 passed, 1 skipped in 529.63s (0:08:49)
--- LEG pytest-gpu rc=0 (18:03:45) ---

=== LEG smoke-migrate (18:03:45) ===
 WARN Encountered 1 warning while parsing the manifest:
  ⚠ the `[system-requirements]` table is deprecated in favor of virtual
  │ packages on `platforms`
    ╭─[/scratch/10303/jrc4/src/inexor/pyproject.toml:68:1]
 67 │     platforms = ["linux-64", "linux-aarch64"]
 68 │ ╭─▶ [tool.pixi.feature.gpu.system-requirements]
 69 │ ├─▶ cuda = "12"
    · ╰──── declare these on the `platforms` entries instead
 70 │     [tool.pixi.feature.gpu.dependencies]
    ╰────
  help: e.g. platforms = [{ name = "my-linux-64", platform = "linux-64", cuda
        = "12" }]

 WARN cache for Repodata at /home1/10303/jrc4/.cache/rattler/cache/repodata is on a network/parallel filesystem (NFS/SMB/FUSE/BeeGFS/Lustre/GPFS/CephFS), redirected to /tmp/pixi-cache-jrc4/repodata for this run. Set [cache.repodata] in config.toml or PIXI_CACHE_DIR to override, or [cache.netfs-redirect] = "never" to keep the original path.

--- arm device-fused/fused: --arm device-fused --n-part 64 --real-frac 0.5 --pass fused --steps 2 --reps 1 
cuBLAS < 13.2 (120902 found) has a known issue where many kernels free TMEM buffers multiple times. Executing a cuBLAS kernel concurrently with another kernel (e.g. on another stream) can lead to silent data corruption.
[device-fused/fused] n_part=64 nb=4 (65,536 rows per slab) built in 0.0s on gpu
[device-fused/fused] step 0: numpy 0.05s | device 4.53s (migrate 4.53, repack 0.00); BITWISE numpy = True 
[device-fused/fused] step 1: numpy 0.06s | device 0.07s (migrate 0.07, repack 0.00); BITWISE numpy = True 
[device-fused/fused] timed step: device 0.07s (synced; phases sum 0.07s); BITWISE numpy = True
       0.022 s  insert: compact inputs
       0.008 s  fused: block inputs
       0.008 s  insert: shrink staged
       0.007 s  eject: upload
       0.005 s  insert: kernel
       0.005 s  fused: block program
       0.003 s  eject: rows program
       0.003 s  eject: reach + scalars
       0.002 s  insert: occupancy + scales to host
       0.002 s  fused: write-back
       0.001 s  eject: kernel
       0.001 s  fused: self-check
       0.000 s  eject: host index
       0.000 s  pass: setup
       0.000 s  pass: arena replay
       0.000 s  insert: census
       0.000 s  pass: tail
       0.000 s  eject: window
       0.000 s  insert: spills to host
       0.000 s  fused: read-ahead
[device-fused/fused] device peak 0.04 GiB
--- arm device-fused/fused: rc=0

card: /scratch/10303/jrc4/src/inexor/runs/v2/d3_device_migrate_m4_gbsmoke.json
worst rc 0
--- LEG smoke-migrate rc=0 (18:03:54) ---

=== LEG smoke-engine (18:03:54) ===
 WARN Encountered 1 warning while parsing the manifest:
  ⚠ the `[system-requirements]` table is deprecated in favor of virtual
  │ packages on `platforms`
    ╭─[/scratch/10303/jrc4/src/inexor/pyproject.toml:68:1]
 67 │     platforms = ["linux-64", "linux-aarch64"]
 68 │ ╭─▶ [tool.pixi.feature.gpu.system-requirements]
 69 │ ├─▶ cuda = "12"
    · ╰──── declare these on the `platforms` entries instead
 70 │     [tool.pixi.feature.gpu.dependencies]
    ╰────
  help: e.g. platforms = [{ name = "my-linux-64", platform = "linux-64", cuda
        = "12" }]

 WARN cache for Repodata at /home1/10303/jrc4/.cache/rattler/cache/repodata is on a network/parallel filesystem (NFS/SMB/FUSE/BeeGFS/Lustre/GPFS/CephFS), redirected to /tmp/pixi-cache-jrc4/repodata for this run. Set [cache.repodata] in config.toml or PIXI_CACHE_DIR to override, or [cache.netfs-redirect] = "never" to keep the original path.

--- arm window-sep: --arm window-sep --n-part 32 --steps 2 --real-frac 0.5 --slack0-arena 0.05 --snap-dir /scratch/10303/jrc4/src/inexor/runs/v2/e2e4_snap --out-suffix _m4_gbsmoke --allow-cpu
cuBLAS < 13.2 (120902 found) has a known issue where many kernels free TMEM buffers multiple times. Executing a cuBLAS kernel concurrently with another kernel (e.g. on another stream) can lead to silent data corruption.
[window-sep] smoke: n_part=32 nb=8 slack=0.1 built in 0.0s on gpu; K=2; tile jit=True window=True cards=1
[window-sep] run 16.4s; spills 112; split {'fused': False, 'tile_cards': [{'planes': 4, 'tiles_run': 64}], 'coarse_card_chunks': [32], 'migrate_cards': None, 'migrate_fallback': None, 'cross_card_bytes': None, 'repack_cards': None, 'cross_card_early_uploads': None}; phases: migrate 6.9, lead_drift 3.0, repack 2.7, coarse_paint 1.6, tile_loop 1.1, coarse_solve 0.9, kernel_build 0.2, membership 0.0, tile_loop_end 0.0, reconcile 0.0
[window-sep] device peak 0.01 GiB, host maxrss 2.3 GB
--- arm window-sep: rc=0

--- arm window-on: --arm window-on --n-part 32 --steps 2 --real-frac 0.5 --slack0-arena 0.05 --snap-dir /scratch/10303/jrc4/src/inexor/runs/v2/e2e4_snap --out-suffix _m4_gbsmoke --allow-cpu
cuBLAS < 13.2 (120902 found) has a known issue where many kernels free TMEM buffers multiple times. Executing a cuBLAS kernel concurrently with another kernel (e.g. on another stream) can lead to silent data corruption.
[window-on] smoke: n_part=32 nb=8 slack=0.1 built in 0.0s on gpu; K=2; tile jit=True window=True cards=1
[window-on] run 19.0s; spills 112; split {'fused': True, 'tile_cards': [{'planes': 4, 'tiles_run': 64}], 'coarse_card_chunks': [32], 'migrate_cards': None, 'migrate_fallback': None, 'cross_card_bytes': None, 'repack_cards': None, 'cross_card_early_uploads': None}; phases: migrate 11.1, lead_drift 3.3, tile_loop 2.0, coarse_paint 1.6, coarse_solve 0.8, kernel_build 0.2, membership 0.0, repack 0.0, tile_loop_end 0.0, reconcile 0.0
[window-on] device peak 0.01 GiB, host maxrss 2.3 GB
--- arm window-on: rc=0

--- arm cards-sep: --arm cards-sep --n-part 32 --steps 2 --real-frac 0.5 --slack0-arena 0.05 --snap-dir /scratch/10303/jrc4/src/inexor/runs/v2/e2e4_snap --out-suffix _m4_gbsmoke --allow-cpu
cuBLAS < 13.2 (120902 found) has a known issue where many kernels free TMEM buffers multiple times. Executing a cuBLAS kernel concurrently with another kernel (e.g. on another stream) can lead to silent data corruption.
[cards-sep] smoke: n_part=32 nb=8 slack=0.1 built in 0.0s on gpu; K=2; tile jit=True window=True cards=4
[cards-sep] run 17.2s; spills 112; split {'fused': False, 'tile_cards': [{'planes': 1, 'tiles_run': 16}, {'planes': 1, 'tiles_run': 16}, {'planes': 1, 'tiles_run': 16}, {'planes': 1, 'tiles_run': 16}], 'coarse_card_chunks': [8, 8, 8, 8], 'migrate_cards': 1, 'migrate_fallback': 'a card would hold 2 slabs, fewer than 2r + 1 = 3: one card', 'cross_card_bytes': 0, 'repack_cards': 4, 'cross_card_early_uploads': 2}; phases: migrate 7.5, lead_drift 4.2, coarse_paint 2.6, repack 1.1, tile_loop 0.8, coarse_solve 0.8, kernel_build 0.2, membership 0.0, tile_loop_end 0.0, reconcile 0.0
[cards-sep] device peak 0.01 GiB, host maxrss 2.3 GB
--- arm cards-sep: rc=0

--- arm cards: --arm cards --n-part 32 --steps 2 --real-frac 0.5 --slack0-arena 0.05 --snap-dir /scratch/10303/jrc4/src/inexor/runs/v2/e2e4_snap --out-suffix _m4_gbsmoke --allow-cpu
cuBLAS < 13.2 (120902 found) has a known issue where many kernels free TMEM buffers multiple times. Executing a cuBLAS kernel concurrently with another kernel (e.g. on another stream) can lead to silent data corruption.
[cards] smoke: n_part=32 nb=8 slack=0.1 built in 0.0s on gpu; K=2; tile jit=True window=True cards=4
[cards] run 20.1s; spills 112; split {'fused': True, 'tile_cards': [{'planes': 1, 'tiles_run': 16}, {'planes': 1, 'tiles_run': 16}, {'planes': 1, 'tiles_run': 16}, {'planes': 1, 'tiles_run': 16}], 'coarse_card_chunks': [8, 8, 8, 8], 'migrate_cards': 1, 'migrate_fallback': 'a card would hold 2 slabs, fewer than 2r + 1 = 3: one card', 'cross_card_bytes': 0, 'repack_cards': 1, 'cross_card_early_uploads': 0}; phases: migrate 11.6, lead_drift 2.9, coarse_paint 2.6, tile_loop 2.1, coarse_solve 0.7, kernel_build 0.2, membership 0.0, repack 0.0, tile_loop_end 0.0, reconcile 0.0
[cards] device peak 0.01 GiB, host maxrss 2.4 GB
--- arm cards: rc=0

=== cards vs window-on: hashes equal = True; stats differing 0 []; tile_loop_end None; run 20.1 vs 19.0s ===

=== window-on vs window-sep: hashes equal = True; stats differing 0 []; tile_loop_end None; run 19.0 vs 16.4s ===

=== cards vs cards-sep: hashes equal = True; stats differing 0 []; tile_loop_end None; run 20.1 vs 17.2s ===

=== phases, s over the run (cards | window-on) ===
  migrate              11.6 |     11.1
  lead_drift            2.9 |      3.3
  coarse_paint          2.6 |      1.6
  tile_loop             2.1 |      2.0
  coarse_solve          0.7 |      0.8
  kernel_build          0.2 |      0.2
  membership            0.0 |      0.0
  repack                0.0 |      0.0
  tile_loop_end         0.0 |      0.0
  reconcile             0.0 |      0.0

=== phases, s over the run (window-on | window-sep) ===
  migrate              11.1 |      6.9
  lead_drift            3.3 |      3.0
  repack                0.0 |      2.7
  tile_loop             2.0 |      1.1
  coarse_paint          1.6 |      1.6
  coarse_solve          0.8 |      0.9
  kernel_build          0.2 |      0.2
  membership            0.0 |      0.0
  tile_loop_end         0.0 |      0.0
  reconcile             0.0 |      0.0

=== phases, s over the run (cards | cards-sep) ===
  migrate              11.6 |      7.5
  lead_drift            2.9 |      4.2
  coarse_paint          2.6 |      2.6
  tile_loop             2.1 |      0.8
  repack                0.0 |      1.1
  coarse_solve          0.7 |      0.8
  kernel_build          0.2 |      0.2
  membership            0.0 |      0.0
  tile_loop_end         0.0 |      0.0
  reconcile             0.0 |      0.0

card: /scratch/10303/jrc4/src/inexor/runs/v2/e2e4_device_cards_m4_gbsmoke.json
rc=0
--- LEG smoke-engine rc=0 (18:05:26) ---

=== LEG engine-cgh64 (18:05:26) ===
 WARN Encountered 1 warning while parsing the manifest:
  ⚠ the `[system-requirements]` table is deprecated in favor of virtual
  │ packages on `platforms`
    ╭─[/scratch/10303/jrc4/src/inexor/pyproject.toml:68:1]
 67 │     platforms = ["linux-64", "linux-aarch64"]
 68 │ ╭─▶ [tool.pixi.feature.gpu.system-requirements]
 69 │ ├─▶ cuda = "12"
    · ╰──── declare these on the `platforms` entries instead
 70 │     [tool.pixi.feature.gpu.dependencies]
    ╰────
  help: e.g. platforms = [{ name = "my-linux-64", platform = "linux-64", cuda
        = "12" }]

 WARN cache for Repodata at /home1/10303/jrc4/.cache/rattler/cache/repodata is on a network/parallel filesystem (NFS/SMB/FUSE/BeeGFS/Lustre/GPFS/CephFS), redirected to /tmp/pixi-cache-jrc4/repodata for this run. Set [cache.repodata] in config.toml or PIXI_CACHE_DIR to override, or [cache.netfs-redirect] = "never" to keep the original path.

--- arm window-sep: --arm window-sep --n-part 512 --steps 2 --real-frac 0.5 --slack0-arena 0.05 --snap-dir /scratch/10303/jrc4/src/inexor/runs/v2/e2e4_snap --out-suffix _m4_gb
cuBLAS < 13.2 (120902 found) has a known issue where many kernels free TMEM buffers multiple times. Executing a cuBLAS kernel concurrently with another kernel (e.g. on another stream) can lead to silent data corruption.
[window-sep] cgh64: n_part=512 nb=32 slack=0.1 built in 31.5s on gpu; K=2; tile jit=True window=True cards=1
[window-sep] run 22.4s; spills 0; split {'fused': False, 'tile_cards': [{'planes': 4, 'tiles_run': 64}], 'coarse_card_chunks': [128], 'migrate_cards': None, 'migrate_fallback': None, 'cross_card_bytes': None, 'repack_cards': None, 'cross_card_early_uploads': None}; phases: tile_loop 6.1, lead_drift 4.1, coarse_solve 4.0, coarse_paint 2.9, migrate 2.8, repack 1.6, kernel_build 0.6, membership 0.3, tile_loop_end 0.0, reconcile 0.0
[window-sep] device peak 4.29 GiB, host maxrss 24.7 GB
--- arm window-sep: rc=0

--- arm window-on: --arm window-on --n-part 512 --steps 2 --real-frac 0.5 --slack0-arena 0.05 --snap-dir /scratch/10303/jrc4/src/inexor/runs/v2/e2e4_snap --out-suffix _m4_gb
cuBLAS < 13.2 (120902 found) has a known issue where many kernels free TMEM buffers multiple times. Executing a cuBLAS kernel concurrently with another kernel (e.g. on another stream) can lead to silent data corruption.
[window-on] cgh64: n_part=512 nb=32 slack=0.1 built in 31.5s on gpu; K=2; tile jit=True window=True cards=1
[window-on] run 22.5s; spills 0; split {'fused': True, 'tile_cards': [{'planes': 4, 'tiles_run': 64}], 'coarse_card_chunks': [128], 'migrate_cards': None, 'migrate_fallback': None, 'cross_card_bytes': None, 'repack_cards': None, 'cross_card_early_uploads': None}; phases: tile_loop 7.0, migrate 4.1, coarse_solve 3.9, lead_drift 3.8, coarse_paint 2.7, kernel_build 0.6, membership 0.3, repack 0.0, tile_loop_end 0.0, reconcile 0.0
[window-on] device peak 4.29 GiB, host maxrss 24.7 GB
--- arm window-on: rc=0

--- arm cards-sep: --arm cards-sep --n-part 512 --steps 2 --real-frac 0.5 --slack0-arena 0.05 --snap-dir /scratch/10303/jrc4/src/inexor/runs/v2/e2e4_snap --out-suffix _m4_gb
cuBLAS < 13.2 (120902 found) has a known issue where many kernels free TMEM buffers multiple times. Executing a cuBLAS kernel concurrently with another kernel (e.g. on another stream) can lead to silent data corruption.
[cards-sep] cgh64: n_part=512 nb=32 slack=0.1 built in 31.5s on gpu; K=2; tile jit=True window=True cards=4
[cards-sep] run 17.7s; spills 0; split {'fused': False, 'tile_cards': [{'planes': 1, 'tiles_run': 16}, {'planes': 1, 'tiles_run': 16}, {'planes': 1, 'tiles_run': 16}, {'planes': 1, 'tiles_run': 16}], 'coarse_card_chunks': [32, 32, 32, 32], 'migrate_cards': 4, 'migrate_fallback': None, 'cross_card_bytes': 13107200, 'repack_cards': 4, 'cross_card_early_uploads': 3}; phases: tile_loop 4.6, lead_drift 3.6, coarse_paint 3.4, coarse_solve 2.7, migrate 1.6, repack 0.9, kernel_build 0.6, membership 0.3, tile_loop_end 0.0, reconcile 0.0
[cards-sep] device peak 3.69 GiB, host maxrss 24.7 GB
--- arm cards-sep: rc=0

--- arm cards: --arm cards --n-part 512 --steps 2 --real-frac 0.5 --slack0-arena 0.05 --snap-dir /scratch/10303/jrc4/src/inexor/runs/v2/e2e4_snap --out-suffix _m4_gb
cuBLAS < 13.2 (120902 found) has a known issue where many kernels free TMEM buffers multiple times. Executing a cuBLAS kernel concurrently with another kernel (e.g. on another stream) can lead to silent data corruption.
[cards] cgh64: n_part=512 nb=32 slack=0.1 built in 31.6s on gpu; K=2; tile jit=True window=True cards=4
[cards] run 18.8s; spills 0; split {'fused': True, 'tile_cards': [{'planes': 1, 'tiles_run': 16}, {'planes': 1, 'tiles_run': 16}, {'planes': 1, 'tiles_run': 16}, {'planes': 1, 'tiles_run': 16}], 'coarse_card_chunks': [32, 32, 32, 32], 'migrate_cards': 4, 'migrate_fallback': None, 'cross_card_bytes': 13107200, 'repack_cards': 4, 'cross_card_early_uploads': 0}; phases: tile_loop 5.6, coarse_paint 3.7, lead_drift 3.6, coarse_solve 2.6, migrate 2.4, kernel_build 0.6, membership 0.3, repack 0.0, tile_loop_end 0.0, reconcile 0.0
[cards] device peak 3.69 GiB, host maxrss 24.7 GB
--- arm cards: rc=0

=== cards vs window-on: hashes equal = True; stats differing 0 []; tile_loop_end None; run 18.8 vs 22.5s ===

=== window-on vs window-sep: hashes equal = True; stats differing 0 []; tile_loop_end None; run 22.5 vs 22.4s ===

=== cards vs cards-sep: hashes equal = True; stats differing 0 []; tile_loop_end None; run 18.8 vs 17.7s ===

=== phases, s over the run (cards | window-on) ===
  tile_loop             5.6 |      7.0
  migrate               2.4 |      4.1
  coarse_solve          2.6 |      3.9
  lead_drift            3.6 |      3.8
  coarse_paint          3.7 |      2.7
  kernel_build          0.6 |      0.6
  membership            0.3 |      0.3
  repack                0.0 |      0.0
  tile_loop_end         0.0 |      0.0
  reconcile             0.0 |      0.0

=== phases, s over the run (window-on | window-sep) ===
  tile_loop             7.0 |      6.1
  lead_drift            3.8 |      4.1
  migrate               4.1 |      2.8
  coarse_solve          3.9 |      4.0
  coarse_paint          2.7 |      2.9
  repack                0.0 |      1.6
  kernel_build          0.6 |      0.6
  membership            0.3 |      0.3
  tile_loop_end         0.0 |      0.0
  reconcile             0.0 |      0.0

=== phases, s over the run (cards | cards-sep) ===
  tile_loop             5.6 |      4.6
  coarse_paint          3.7 |      3.4
  lead_drift            3.6 |      3.6
  coarse_solve          2.6 |      2.7
  migrate               2.4 |      1.6
  repack                0.0 |      0.9
  kernel_build          0.6 |      0.6
  membership            0.3 |      0.3
  tile_loop_end         0.0 |      0.0
  reconcile             0.0 |      0.0

card: /scratch/10303/jrc4/src/inexor/runs/v2/e2e4_device_cards_m4_gb.json
rc=0
--- LEG engine-cgh64 rc=0 (18:09:16) ---

=== LEG fused-1024-separate (18:09:16) ===
 WARN Encountered 1 warning while parsing the manifest:
  ⚠ the `[system-requirements]` table is deprecated in favor of virtual
  │ packages on `platforms`
    ╭─[/scratch/10303/jrc4/src/inexor/pyproject.toml:68:1]
 67 │     platforms = ["linux-64", "linux-aarch64"]
 68 │ ╭─▶ [tool.pixi.feature.gpu.system-requirements]
 69 │ ├─▶ cuda = "12"
    · ╰──── declare these on the `platforms` entries instead
 70 │     [tool.pixi.feature.gpu.dependencies]
    ╰────
  help: e.g. platforms = [{ name = "my-linux-64", platform = "linux-64", cuda
        = "12" }]

 WARN cache for Repodata at /home1/10303/jrc4/.cache/rattler/cache/repodata is on a network/parallel filesystem (NFS/SMB/FUSE/BeeGFS/Lustre/GPFS/CephFS), redirected to /tmp/pixi-cache-jrc4/repodata for this run. Set [cache.repodata] in config.toml or PIXI_CACHE_DIR to override, or [cache.netfs-redirect] = "never" to keep the original path.

--- arm device-fused/separate: --arm device-fused --n-part 1024 --real-frac 0.5 --pass separate --steps 2 --reps 3 
cuBLAS < 13.2 (120902 found) has a known issue where many kernels free TMEM buffers multiple times. Executing a cuBLAS kernel concurrently with another kernel (e.g. on another stream) can lead to silent data corruption.
[device-fused/separate] n_part=1024 nb=64 (16,777,216 rows per slab) built in 268.9s on gpu
[device-fused/separate] step 0: numpy 227.74s | device 15.66s (migrate 10.39, repack 5.27); BITWISE numpy = True 
[device-fused/separate] step 1: numpy 229.14s | device 11.12s (migrate 6.97, repack 4.16); BITWISE numpy = True 
[device-fused/separate] timed step: device 11.42s (synced; phases sum 11.15s); BITWISE numpy = True
       2.427 s  migrate | insert: kernel
       1.803 s  repack | write-back
       1.670 s  migrate | insert: slot range to host
       1.155 s  repack | upload: own slab
       1.005 s  migrate | eject: upload
       0.642 s  repack | upload: read-ahead
       0.453 s  migrate | insert: compact inputs
       0.426 s  repack | block program
       0.332 s  migrate | eject: rows program
       0.187 s  migrate | insert: occupancy + scales to host
       0.165 s  migrate | insert: shrink staged
       0.154 s  migrate | eject: reach + scalars
       0.149 s  migrate | pass: final census
       0.119 s  migrate | insert: scalars + write program
       0.112 s  repack | upload: index
       0.107 s  migrate | eject: host index
       0.092 s  migrate | pass: arena replay
       0.079 s  migrate | eject: kernel
       0.061 s  repack | pass: tail
       0.005 s  repack | pass: setup + arena lift
       0.002 s  migrate | insert: census
       0.001 s  migrate | pass: setup
       0.001 s  migrate | eject: window
       0.000 s  migrate | insert: spills to host
[device-fused/separate] device peak 4.71 GiB
--- arm device-fused/separate: rc=0

card: /scratch/10303/jrc4/src/inexor/runs/v2/d3_device_migrate_m4_1024_separate_gb.json
worst rc 0
--- LEG fused-1024-separate rc=0 (18:26:00) ---

=== LEG fused-1024-fused (18:26:00) ===
 WARN Encountered 1 warning while parsing the manifest:
  ⚠ the `[system-requirements]` table is deprecated in favor of virtual
  │ packages on `platforms`
    ╭─[/scratch/10303/jrc4/src/inexor/pyproject.toml:68:1]
 67 │     platforms = ["linux-64", "linux-aarch64"]
 68 │ ╭─▶ [tool.pixi.feature.gpu.system-requirements]
 69 │ ├─▶ cuda = "12"
    · ╰──── declare these on the `platforms` entries instead
 70 │     [tool.pixi.feature.gpu.dependencies]
    ╰────
  help: e.g. platforms = [{ name = "my-linux-64", platform = "linux-64", cuda
        = "12" }]

 WARN cache for Repodata at /home1/10303/jrc4/.cache/rattler/cache/repodata is on a network/parallel filesystem (NFS/SMB/FUSE/BeeGFS/Lustre/GPFS/CephFS), redirected to /tmp/pixi-cache-jrc4/repodata for this run. Set [cache.repodata] in config.toml or PIXI_CACHE_DIR to override, or [cache.netfs-redirect] = "never" to keep the original path.

--- arm device-fused/fused: --arm device-fused --n-part 1024 --real-frac 0.5 --pass fused --steps 2 --reps 3 
cuBLAS < 13.2 (120902 found) has a known issue where many kernels free TMEM buffers multiple times. Executing a cuBLAS kernel concurrently with another kernel (e.g. on another stream) can lead to silent data corruption.
[device-fused/fused] n_part=1024 nb=64 (16,777,216 rows per slab) built in 264.1s on gpu
[device-fused/fused] step 0: numpy 222.44s | device 12.39s (migrate 12.39, repack 0.00); BITWISE numpy = True 
[device-fused/fused] step 1: numpy 223.38s | device 7.55s (migrate 7.55, repack 0.00); BITWISE numpy = True 
[device-fused/fused] timed step: device 7.98s (synced; phases sum 7.82s); BITWISE numpy = True
       2.423 s  insert: kernel
       1.931 s  fused: write-back
       1.011 s  eject: upload
       0.458 s  insert: compact inputs
       0.452 s  fused: block program
       0.335 s  eject: rows program
       0.278 s  insert: shrink staged
       0.222 s  fused: block inputs
       0.210 s  pass: tail
       0.156 s  eject: reach + scalars
       0.111 s  eject: host index
       0.094 s  pass: arena replay
       0.083 s  eject: kernel
       0.032 s  insert: occupancy + scales to host
       0.011 s  fused: self-check
       0.005 s  pass: setup
       0.002 s  insert: census
       0.001 s  eject: window
       0.000 s  insert: spills to host
       0.000 s  fused: read-ahead
[device-fused/fused] device peak 4.02 GiB
--- arm device-fused/fused: rc=0

card: /scratch/10303/jrc4/src/inexor/runs/v2/d3_device_migrate_m4_1024_fused_gb.json
worst rc 0
--- LEG fused-1024-fused rc=0 (18:42:13) ---

=== rc_total=0 ===
